Archive member included to satisfy reference by file (symbol)

d:/program files (x86)/atmel studio 7.0/7.0/toolchain/avr8/avr8-gnu-toolchain/bin/../lib/gcc/avr/4.9.2/../../../../avr/lib/avrxmega2\libm.a(divsf3.o)
                              src/users/config.o (__divsf3)
d:/program files (x86)/atmel studio 7.0/7.0/toolchain/avr8/avr8-gnu-toolchain/bin/../lib/gcc/avr/4.9.2/../../../../avr/lib/avrxmega2\libm.a(divsf3x.o)
                              d:/program files (x86)/atmel studio 7.0/7.0/toolchain/avr8/avr8-gnu-toolchain/bin/../lib/gcc/avr/4.9.2/../../../../avr/lib/avrxmega2\libm.a(divsf3.o) (__divsf3x)
d:/program files (x86)/atmel studio 7.0/7.0/toolchain/avr8/avr8-gnu-toolchain/bin/../lib/gcc/avr/4.9.2/../../../../avr/lib/avrxmega2\libm.a(fixsfsi.o)
                              src/main.o (__fixsfsi)
d:/program files (x86)/atmel studio 7.0/7.0/toolchain/avr8/avr8-gnu-toolchain/bin/../lib/gcc/avr/4.9.2/../../../../avr/lib/avrxmega2\libm.a(fixunssfsi.o)
                              d:/program files (x86)/atmel studio 7.0/7.0/toolchain/avr8/avr8-gnu-toolchain/bin/../lib/gcc/avr/4.9.2/../../../../avr/lib/avrxmega2\libm.a(fixsfsi.o) (__fixunssfsi)
d:/program files (x86)/atmel studio 7.0/7.0/toolchain/avr8/avr8-gnu-toolchain/bin/../lib/gcc/avr/4.9.2/../../../../avr/lib/avrxmega2\libm.a(floatsisf.o)
                              src/main.o (__floatunsisf)
d:/program files (x86)/atmel studio 7.0/7.0/toolchain/avr8/avr8-gnu-toolchain/bin/../lib/gcc/avr/4.9.2/../../../../avr/lib/avrxmega2\libm.a(fp_inf.o)
                              d:/program files (x86)/atmel studio 7.0/7.0/toolchain/avr8/avr8-gnu-toolchain/bin/../lib/gcc/avr/4.9.2/../../../../avr/lib/avrxmega2\libm.a(divsf3x.o) (__fp_inf)
d:/program files (x86)/atmel studio 7.0/7.0/toolchain/avr8/avr8-gnu-toolchain/bin/../lib/gcc/avr/4.9.2/../../../../avr/lib/avrxmega2\libm.a(fp_nan.o)
                              d:/program files (x86)/atmel studio 7.0/7.0/toolchain/avr8/avr8-gnu-toolchain/bin/../lib/gcc/avr/4.9.2/../../../../avr/lib/avrxmega2\libm.a(divsf3x.o) (__fp_nan)
d:/program files (x86)/atmel studio 7.0/7.0/toolchain/avr8/avr8-gnu-toolchain/bin/../lib/gcc/avr/4.9.2/../../../../avr/lib/avrxmega2\libm.a(fp_pscA.o)
                              d:/program files (x86)/atmel studio 7.0/7.0/toolchain/avr8/avr8-gnu-toolchain/bin/../lib/gcc/avr/4.9.2/../../../../avr/lib/avrxmega2\libm.a(divsf3x.o) (__fp_pscA)
d:/program files (x86)/atmel studio 7.0/7.0/toolchain/avr8/avr8-gnu-toolchain/bin/../lib/gcc/avr/4.9.2/../../../../avr/lib/avrxmega2\libm.a(fp_pscB.o)
                              d:/program files (x86)/atmel studio 7.0/7.0/toolchain/avr8/avr8-gnu-toolchain/bin/../lib/gcc/avr/4.9.2/../../../../avr/lib/avrxmega2\libm.a(divsf3x.o) (__fp_pscB)
d:/program files (x86)/atmel studio 7.0/7.0/toolchain/avr8/avr8-gnu-toolchain/bin/../lib/gcc/avr/4.9.2/../../../../avr/lib/avrxmega2\libm.a(fp_round.o)
                              d:/program files (x86)/atmel studio 7.0/7.0/toolchain/avr8/avr8-gnu-toolchain/bin/../lib/gcc/avr/4.9.2/../../../../avr/lib/avrxmega2\libm.a(divsf3.o) (__fp_round)
d:/program files (x86)/atmel studio 7.0/7.0/toolchain/avr8/avr8-gnu-toolchain/bin/../lib/gcc/avr/4.9.2/../../../../avr/lib/avrxmega2\libm.a(fp_split3.o)
                              d:/program files (x86)/atmel studio 7.0/7.0/toolchain/avr8/avr8-gnu-toolchain/bin/../lib/gcc/avr/4.9.2/../../../../avr/lib/avrxmega2\libm.a(divsf3x.o) (__fp_split3)
d:/program files (x86)/atmel studio 7.0/7.0/toolchain/avr8/avr8-gnu-toolchain/bin/../lib/gcc/avr/4.9.2/../../../../avr/lib/avrxmega2\libm.a(fp_zero.o)
                              d:/program files (x86)/atmel studio 7.0/7.0/toolchain/avr8/avr8-gnu-toolchain/bin/../lib/gcc/avr/4.9.2/../../../../avr/lib/avrxmega2\libm.a(fixunssfsi.o) (__fp_zero)
d:/program files (x86)/atmel studio 7.0/7.0/toolchain/avr8/avr8-gnu-toolchain/bin/../lib/gcc/avr/4.9.2/../../../../avr/lib/avrxmega2\libm.a(mulsf3.o)
                              src/main.o (__mulsf3)
d:/program files (x86)/atmel studio 7.0/7.0/toolchain/avr8/avr8-gnu-toolchain/bin/../lib/gcc/avr/4.9.2/../../../../avr/lib/avrxmega2\libm.a(mulsf3x.o)
                              d:/program files (x86)/atmel studio 7.0/7.0/toolchain/avr8/avr8-gnu-toolchain/bin/../lib/gcc/avr/4.9.2/../../../../avr/lib/avrxmega2\libm.a(mulsf3.o) (__mulsf3x)
d:/program files (x86)/atmel studio 7.0/7.0/toolchain/avr8/avr8-gnu-toolchain/bin/../lib/gcc/avr/4.9.2/avrxmega2\libgcc.a(_udivmodsi4.o)
                              src/ASF/xmega/drivers/usart/usart.o (__udivmodsi4)
d:/program files (x86)/atmel studio 7.0/7.0/toolchain/avr8/avr8-gnu-toolchain/bin/../lib/gcc/avr/4.9.2/avrxmega2\libgcc.a(_divmodsi4.o)
                              src/users/config.o (__divmodsi4)
d:/program files (x86)/atmel studio 7.0/7.0/toolchain/avr8/avr8-gnu-toolchain/bin/../lib/gcc/avr/4.9.2/avrxmega2\libgcc.a(_negsi2.o)
[...]
Memory Configuration

Name             Origin             Length             Attributes
text             0x00000000         0x00100000         xr
data             0x00802000         0x0000ffa0         rw !x
eeprom           0x00810000         0x00010000         rw !x
fuse             0x00820000         0x00000007         rw !x
lock             0x00830000         0x00000400         rw !x
signature        0x00840000         0x00000400         rw !x
user_signatures  0x00850000         0x00000400         rw !x
*default*        0x00000000         0xffffffff

Linker script and memory map

LOAD D:/Program Files (x86)/Atmel Studio 7.0/7.0/Packs/atmel/XMEGAE_DFP/1.2.46/gcc/dev/atxmega32e5/avrxmega2/crtatxmega32e5.o
LOAD src/main.o
LOAD src/users/user_adc.o
LOAD src/users/cacul.o
LOAD src/users/config.o
LOAD src/users/flash.o
LOAD src/users/function.o
LOAD src/users/user_uart.o
LOAD src/ASF/common/drivers/nvm/xmega/xmega_nvm.o
LOAD src/ASF/common/services/clock/xmega/sysclk.o
LOAD src/ASF/common/services/ioport/xmega/ioport_compat.o
LOAD src/ASF/common/services/serial/usart_serial.o
LOAD src/ASF/common/services/sleepmgr/xmega/sleepmgr.o
LOAD src/ASF/common/utils/stdio/read.o
LOAD src/ASF/common/utils/stdio/write.o
LOAD src/ASF/xmega/boards/xmega_e5_xplained/init.o
LOAD src/ASF/xmega/drivers/adc/adc.o
LOAD src/ASF/xmega/drivers/adc/xmega_e/adc_e.o
LOAD src/ASF/xmega/drivers/cpu/ccp.o
LOAD src/ASF/xmega/drivers/dac/dac.o
LOAD src/ASF/xmega/drivers/nvm/nvm.o
LOAD src/ASF/xmega/drivers/nvm/nvm_asm.o
LOAD src/ASF/xmega/drivers/usart/usart.o
LOAD src/ASF/xmega/drivers/usart/usart_xmegae.o
LOAD src/ASF/xmega/drivers/xcl/xcl.o
START GROUP
LOAD d:/program files (x86)/atmel studio 7.0/7.0/toolchain/avr8/avr8-gnu-toolchain/bin/../lib/gcc/avr/4.9.2/../../../../avr/lib/avrxmega2\libm.a
END GROUP
Address of section .BOOT set to 0x8000
START GROUP
LOAD d:/program files (x86)/atmel studio 7.0/7.0/toolchain/avr8/avr8-gnu-toolchain/bin/../lib/gcc/avr/4.9.2/avrxmega2\libgcc.a
LOAD d:/program files (x86)/atmel studio 7.0/7.0/toolchain/avr8/avr8-gnu-toolchain/bin/../lib/gcc/avr/4.9.2/../../../../avr/lib/avrxmega2\libm.a
LOAD d:/program files (x86)/atmel studio 7.0/7.0/toolchain/avr8/avr8-gnu-toolchain/bin/../lib/gcc/avr/4.9.2/../../../../avr/lib/avrxmega2\libc.a
LOAD D:/Program Files (x86)/Atmel Studio 7.0/7.0/Packs/atmel/XMEGAE_DFP/1.2.46/gcc/dev/atxmega32e5/avrxmega2\libatxmega32e5.a
END GROUP
                0x00100000                __TEXT_REGION_LENGTH__ = DEFINED (__TEXT_REGION_LENGTH__)?__TEXT_REGION_LENGTH__:0x100000
                0x0000ffa0                __DATA_REGION_LENGTH__ = DEFINED (__DATA_REGION_LENGTH__)?__DATA_REGION_LENGTH__:0xffa0
                0x00010000                __EEPROM_REGION_LENGTH__ = DEFINED (__EEPROM_REGION_LENGTH__)?__EEPROM_REGION_LENGTH__:0x10000
                [0x00000007]                __FUSE_REGION_LENGTH__ = DEFINED (__FUSE_REGION_LENGTH__)?__FUSE_REGION_LENGTH__:0x400
                0x00000400                __LOCK_REGION_LENGTH__ = DEFINED (__LOCK_REGION_LENGTH__)?__LOCK_REGION_LENGTH__:0x400
                0x00000400                __SIGNATURE_REGION_LENGTH__ = DEFINED (__SIGNATURE_REGION_LENGTH__)?__SIGNATURE_REGION_LENGTH__:0x400
                0x00000400                __USER_SIGNATURE_REGION_LENGTH__ = DEFINED (__USER_SIGNATURE_REGION_LENGTH__)?__USER_SIGNATURE_REGION_LENGTH__:0x400

.hash
 *(.hash)

.dynsym
 *(.dynsym)

.dynstr
 *(.dynstr)

.gnu.version
 *(.gnu.version)

.gnu.version_d
 *(.gnu.version_d)

.gnu.version_r
 *(.gnu.version_r)

.rel.init
 *(.rel.init)

.rela.init
 *(.rela.init)

.rel.text
 *(.rel.text)
 *(.rel.text.*)
 *(.rel.gnu.linkonce.t*)

.rela.text
 *(.rela.text)
 *(.rela.text.*)
 *(.rela.gnu.linkonce.t*)

.rel.fini
 *(.rel.fini)

.rela.fini
 *(.rela.fini)

.rel.rodata
 *(.rel.rodata)
 *(.rel.rodata.*)
 *(.rel.gnu.linkonce.r*)

.rela.rodata
 *(.rela.rodata)
 *(.rela.rodata.*)
 *(.rela.gnu.linkonce.r*)

.rel.data
 *(.rel.data)
 *(.rel.data.*)
 *(.rel.gnu.linkonce.d*)

.rela.data
 *(.rela.data)
 *(.rela.data.*)
 *(.rela.gnu.linkonce.d*)

.rel.ctors
 *(.rel.ctors)

.rela.ctors
 *(.rela.ctors)

.rel.dtors
 *(.rel.dtors)

.rela.dtors
 *(.rela.dtors)

.rel.got
 *(.rel.got)

.rela.got
 *(.rela.got)

.rel.bss
 *(.rel.bss)

.rela.bss
 *(.rela.bss)

.rel.plt
 *(.rel.plt)

.rela.plt
 *(.rela.plt)

.text           0x00000000     0x2e04
 *(.vectors)
 .vectors       0x00000000       0xac D:/Program Files (x86)/Atmel Studio 7.0/7.0/Packs/atmel/XMEGAE_DFP/1.2.46/gcc/dev/atxmega32e5/avrxmega2/crtatxmega32e5.o
                0x00000000                __vector_default
                0x00000000                __vectors
 *(.vectors)
 *(.progmem.gcc*)
 .progmem.gcc_sw_table.uart_op
                0x000000ac       0x28 src/users/function.o
                0x000000d4                . = ALIGN (0x2)
                0x000000d4                __trampolines_start = .
 *(.trampolines)
 .trampolines   0x000000d4        0x0 linker stubs
 *(.trampolines*)
                0x000000d4                __trampolines_end = .
 *libprintf_flt.a:*(.progmem.data)
 *libc.a:*(.progmem.data)
 *(.progmem*)
                0x000000d4                . = ALIGN (0x2)
 *(.jumptables)
 *(.jumptables*)
 *(.lowtext)
 *(.lowtext*)
                0x000000d4                __ctors_start = .
 *(.ctors)
                0x000000d4                __ctors_end = .
                0x000000d4                __dtors_start = .
 *(.dtors)
                0x000000d4                __dtors_end = .
 SORT(*)(.ctors)
 SORT(*)(.dtors)
 *(.init0)
 .init0         0x000000d4        0x0 D:/Program Files (x86)/Atmel Studio 7.0/7.0/Packs/atmel/XMEGAE_DFP/1.2.46/gcc/dev/atxmega32e5/avrxmega2/crtatxmega32e5.o
                0x000000d4                __init
 *(.init0)
 *(.init1)
 *(.init1)
 *(.init2)
 .init2         0x000000d4        0xc D:/Program Files (x86)/Atmel Studio 7.0/7.0/Packs/atmel/XMEGAE_DFP/1.2.46/gcc/dev/atxmega32e5/avrxmega2/crtatxmega32e5.o
 *(.init2)
 *(.init3)
 *(.init3)
 *(.init4)
 .init4         0x000000e0       0x16 d:/program files (x86)/atmel studio 7.0/7.0/toolchain/avr8/avr8-gnu-toolchain/bin/../lib/gcc/avr/4.9.2/avrxmega2\libgcc.a(_copy_data.o)
                0x000000e0                __do_copy_data
 .init4         0x000000f6       0x10 d:/program files (x86)/atmel studio 7.0/7.0/toolchain/avr8/avr8-gnu-toolchain/bin/../lib/gcc/avr/4.9.2/avrxmega2\libgcc.a(_clear_bss.o)
                0x000000f6                __do_clear_bss
 *(.init4)
 *(.init5)
 *(.init5)
 *(.init6)
 *(.init6)
 *(.init7)
 *(.init7)
 *(.init8)
 *(.init8)
 *(.init9)
 .init9         0x00000106        0x6 D:/Program Files (x86)/Atmel Studio 7.0/7.0/Packs/atmel/XMEGAE_DFP/1.2.46/gcc/dev/atxmega32e5/avrxmega2/crtatxmega32e5.o
 *(.init9)
 *(.text)
 .text          0x0000010c        0x2 D:/Program Files (x86)/Atmel Studio 7.0/7.0/Packs/atmel/XMEGAE_DFP/1.2.46/gcc/dev/atxmega32e5/avrxmega2/crtatxmega32e5.o
                0x0000010c                __vector_38
                0x0000010c                __vector_22
                0x0000010c                __vector_28
                0x0000010c                __vector_1
                0x0000010c                __vector_32
                0x0000010c                __vector_24
                0x0000010c                __vector_12
                0x0000010c                __bad_interrupt
                0x0000010c                __vector_6
                0x0000010c                __vector_31
                0x0000010c                __vector_35
                0x0000010c                __vector_39
                0x0000010c                __vector_3
                0x0000010c                __vector_23
                0x0000010c                __vector_30
                0x0000010c                __vector_25
                0x0000010c                __vector_11
                0x0000010c                __vector_13
                0x0000010c                __vector_17
                0x0000010c                __vector_19
                0x0000010c                __vector_7
                0x0000010c                __vector_41
                0x0000010c                __vector_27
                0x0000010c                __vector_5
                0x0000010c                __vector_33
                0x0000010c                __vector_37
                0x0000010c                __vector_4
                0x0000010c                __vector_9
                0x0000010c                __vector_2
                0x0000010c                __vector_21
                0x0000010c                __vector_15
                0x0000010c                __vector_36
                0x0000010c                __vector_29
                0x0000010c                __vector_8
                0x0000010c                __vector_26
                0x0000010c                __vector_14
                0x0000010c                __vector_10
                0x0000010c                __vector_16
                0x0000010c                __vector_18
                0x0000010c                __vector_20
                0x0000010c                __vector_42
                0x0000010e                . = ALIGN (0x2)
 *(.text.*)
 .text.__vector_40
                0x0000010e       0xae src/main.o
                0x0000010e                __vector_40
 .text.Correct_Mode
                0x000001bc      0x1dc src/main.o
                0x000001bc                Correct_Mode
 .text.main     0x00000398       0xee src/main.o
                0x00000398                main
 .text.MCU_Temp
                0x00000486       0x34 src/users/user_adc.o
                0x00000486                MCU_Temp
 .text.Temp_ADC
                0x000004ba        0x4 src/users/user_adc.o
                0x000004ba                Temp_ADC
 .text.Temp_Collect
                0x000004be       0xd0 src/users/user_adc.o
                0x000004be                Temp_Collect
 .text.Vcp_ADC  0x0000058e       0x34 src/users/user_adc.o
                0x0000058e                Vcp_ADC
 .text.Vcp_Collect
                0x000005c2       0xd0 src/users/user_adc.o
                0x000005c2                Vcp_Collect
 .text.Vpull_ADC
                0x00000692       0x34 src/users/user_adc.o
                0x00000692                Vpull_ADC
 .text.Vpull_Collect
                0x000006c6       0xd0 src/users/user_adc.o
                0x000006c6                Vpull_Collect
 .text.DAC_Output
                0x00000796        0x4 src/users/user_adc.o
                0x00000796                DAC_Output
 .text.Insert_Sort
                0x0000079a       0x48 src/users/cacul.o
                0x0000079a                Insert_Sort
 .text.main_adc_init
                0x000007e2       0xa4 src/users/config.o
                0x000007e2                main_adc_init
 .text.adc_tempsense_select
                0x00000886       0xa2 src/users/config.o
                0x00000886                adc_tempsense_select
 .text.adc_adcch3_select
                0x00000928       0xa2 src/users/config.o
                0x00000928                adc_adcch3_select
 .text.adc_adcch5_select
                0x000009ca       0xa0 src/users/config.o
                0x000009ca                adc_adcch5_select
 .text.main_dac_init
                0x00000a6a       0x4c src/users/config.o
                0x00000a6a                main_dac_init
 .text.main_dac_output
                0x00000ab6       0x3a src/users/config.o
                0x00000ab6                main_dac_output
 .text.Flash_Read
                0x00000af0       0x22 src/users/flash.o
                0x00000af0                Flash_Read
 .text.Flash_Read_Int
                0x00000b12       0x3c src/users/flash.o
                0x00000b12                Flash_Read_Int
 .text.Flash_Write
                0x00000b4e        0xc src/users/flash.o
                0x00000b4e                Flash_Write
 .text.Flash_Erase
                0x00000b5a       0x1a src/users/flash.o
                0x00000b5a                Flash_Erase
 .text.work_mode
                0x00000b74      0x110 src/users/function.o
                0x00000b74                work_mode
 .text.vpull_mode2
                0x00000c84      0x2b0 src/users/function.o
                0x00000c84                vpull_mode2
 .text.erase_flash
                0x00000f34       0x66 src/users/function.o
                0x00000f34                erase_flash
 .text.uart_op  0x00000f9a      0x2a8 src/users/function.o
                0x00000f9a                uart_op
 .text.write_info
                0x00001242       0xc4 src/users/function.o
                0x00001242                write_info
 .text.usart_serial_getchar
                0x00001306       0x10 src/users/user_uart.o
 .text.usart_serial_putchar
                0x00001316        0x4 src/users/user_uart.o
 .text.USART_SendData
                0x0000131a       0x16 src/users/user_uart.o
                0x0000131a                USART_SendData
 .text.Uart_Send
                0x00001330       0x2a src/users/user_uart.o
                0x00001330                Uart_Send
 .text.Uart_Init
                0x0000135a       0x8a src/users/user_uart.o
                0x0000135a                Uart_Init
 .text.nvm_init
                0x000013e4        0xc src/ASF/common/drivers/nvm/xmega/xmega_nvm.o
                0x000013e4                nvm_init
 .text.nvm_read_char
                0x000013f0       0x58 src/ASF/common/drivers/nvm/xmega/xmega_nvm.o
                0x000013f0                nvm_read_char
 .text.nvm_write_char
                0x00001448       0x54 src/ASF/common/drivers/nvm/xmega/xmega_nvm.o
                0x00001448                nvm_write_char
 .text.nvm_read
                0x0000149c       0x44 src/ASF/common/drivers/nvm/xmega/xmega_nvm.o
                0x0000149c                nvm_read
 .text.nvm_write
                0x000014e0       0x44 src/ASF/common/drivers/nvm/xmega/xmega_nvm.o
                0x000014e0                nvm_write
 .text.nvm_page_erase
                0x00001524       0x96 src/ASF/common/drivers/nvm/xmega/xmega_nvm.o
                0x00001524                nvm_page_erase
 .text.sysclk_init
                0x000015ba       0x68 src/ASF/common/services/clock/xmega/sysclk.o
                0x000015ba                sysclk_init
 .text.sysclk_enable_module
                0x00001622       0x2c src/ASF/common/services/clock/xmega/sysclk.o
                0x00001622                sysclk_enable_module
 .text.sysclk_disable_module
                0x0000164e       0x2a src/ASF/common/services/clock/xmega/sysclk.o
                0x0000164e                sysclk_disable_module
 .text.ioport_configure_port_pin
                0x00001678       0x50 src/ASF/common/services/ioport/xmega/ioport_compat.o
                0x00001678                ioport_configure_port_pin
 .text._read    0x000016c8       0x32 src/ASF/common/utils/stdio/read.o
                0x000016c8                _read
 .text._write   0x000016fa       0x24 src/ASF/common/utils/stdio/write.o
                0x000016fa                _write
 .text.board_init
                0x0000171e       0x1a src/ASF/xmega/boards/xmega_e5_xplained/init.o
                0x0000171e                board_init
 .text.adc_enable_clock
                0x00001738       0x1e src/ASF/xmega/drivers/adc/adc.o
                0x00001738                adc_enable_clock
 .text.adc_disable_clock
                0x00001756       0x1c src/ASF/xmega/drivers/adc/adc.o
                0x00001756                adc_disable_clock
 .text.adc_enable
                0x00001772       0x56 src/ASF/xmega/drivers/adc/adc.o
                0x00001772                adc_enable
 .text.adc_disable
                0x000017c8       0x4a src/ASF/xmega/drivers/adc/adc.o
                0x000017c8                adc_disable
 .text.__vector_34
                0x00001812       0x5c src/ASF/xmega/drivers/adc/xmega_e/adc_e.o
                0x00001812                __vector_34
 .text.adc_write_configuration
                0x0000186e       0xa4 src/ASF/xmega/drivers/adc/xmega_e/adc_e.o
                0x0000186e                adc_write_configuration
 .text.adc_read_configuration
                0x00001912       0x70 src/ASF/xmega/drivers/adc/xmega_e/adc_e.o
                0x00001912                adc_read_configuration
 .text.adcch_write_configuration
                0x00001982       0x8c src/ASF/xmega/drivers/adc/xmega_e/adc_e.o
                0x00001982                adcch_write_configuration
 .text.adcch_read_configuration
                0x00001a0e       0x8c src/ASF/xmega/drivers/adc/xmega_e/adc_e.o
                0x00001a0e                adcch_read_configuration
 .text.ccp_write_io
                0x00001a9a        0xc src/ASF/xmega/drivers/cpu/ccp.o
                0x00001a9a                ccp_write_io
 .text.dac_enable_clock
                0x00001aa6       0x1e src/ASF/xmega/drivers/dac/dac.o
 .text.dac_disable_clock
                0x00001ac4       0x1c src/ASF/xmega/drivers/dac/dac.o
 .text.dac_enable
                0x00001ae0       0x56 src/ASF/xmega/drivers/dac/dac.o
                0x00001ae0                dac_enable
 .text.dac_disable
                0x00001b36       0x4a src/ASF/xmega/drivers/dac/dac.o
                0x00001b36                dac_disable
 .text.dac_write_configuration
                0x00001b80       0xb2 src/ASF/xmega/drivers/dac/dac.o
                0x00001b80                dac_write_configuration
 .text.dac_read_configuration
                0x00001c32       0x5e src/ASF/xmega/drivers/dac/dac.o
                0x00001c32                dac_read_configuration
 .text.nvm_eeprom_read_byte
                0x00001c90       0x14 src/ASF/xmega/drivers/nvm/nvm.o
                0x00001c90                nvm_eeprom_read_byte
 .text.nvm_eeprom_read_buffer
                0x00001ca4       0x18 src/ASF/xmega/drivers/nvm/nvm.o
                0x00001ca4                nvm_eeprom_read_buffer
 .text.nvm_eeprom_flush_buffer
                0x00001cbc       0x22 src/ASF/xmega/drivers/nvm/nvm.o
                0x00001cbc                nvm_eeprom_flush_buffer
 .text.nvm_eeprom_load_byte_to_buffer
                0x00001cde       0x14 src/ASF/xmega/drivers/nvm/nvm.o
                0x00001cde                nvm_eeprom_load_byte_to_buffer
 .text.nvm_eeprom_write_byte
                0x00001cf2       0x4a src/ASF/xmega/drivers/nvm/nvm.o
                0x00001cf2                nvm_eeprom_write_byte
 .text.nvm_eeprom_load_page_to_buffer
                0x00001d3c       0x3e src/ASF/xmega/drivers/nvm/nvm.o
                0x00001d3c                nvm_eeprom_load_page_to_buffer
 .text.nvm_eeprom_atomic_write_page
                0x00001d7a       0x3a src/ASF/xmega/drivers/nvm/nvm.o
                0x00001d7a                nvm_eeprom_atomic_write_page
 .text.nvm_eeprom_erase_and_write_buffer
                0x00001db4       0x80 src/ASF/xmega/drivers/nvm/nvm.o
                0x00001db4                nvm_eeprom_erase_and_write_buffer
 .text.nvm_eeprom_fill_buffer_with_value
                0x00001e34       0x26 src/ASF/xmega/drivers/nvm/nvm.o
                0x00001e34                nvm_eeprom_fill_buffer_with_value
 .text.nvm_eeprom_erase_bytes_in_page
                0x00001e5a       0x3a src/ASF/xmega/drivers/nvm/nvm.o
                0x00001e5a                nvm_eeprom_erase_bytes_in_page
 .text.nvm_eeprom_erase_page
                0x00001e94       0x10 src/ASF/xmega/drivers/nvm/nvm.o
                0x00001e94                nvm_eeprom_erase_page
 .text.nvm_flash_read_buffer
                0x00001ea4       0x36 src/ASF/xmega/drivers/nvm/nvm.o
                0x00001ea4                nvm_flash_read_buffer
 .text.nvm_user_sig_read_buffer
                0x00001eda       0x3c src/ASF/xmega/drivers/nvm/nvm.o
                0x00001eda                nvm_user_sig_read_buffer
 .text.nvm_user_sig_write_buffer
                0x00001f16      0x152 src/ASF/xmega/drivers/nvm/nvm.o
                0x00001f16                nvm_user_sig_write_buffer
 .text.nvm_flash_erase_and_write_buffer
                0x00002068      0x174 src/ASF/xmega/drivers/nvm/nvm.o
                0x00002068                nvm_flash_erase_and_write_buffer
 .text.nvm_read_byte
                0x000021dc       0x14 src/ASF/xmega/drivers/nvm/nvm_asm.o
                0x000021dc                nvm_read_byte
 .text.usart_putchar
                0x000021f0       0x10 src/ASF/xmega/drivers/usart/usart.o
                0x000021f0                usart_putchar
 .text.usart_getchar
                0x00002200        0xc src/ASF/xmega/drivers/usart/usart.o
                0x00002200                usart_getchar
 .text.usart_set_baudrate
                0x0000220c      0x22a src/ASF/xmega/drivers/usart/usart.o
                0x0000220c                usart_set_baudrate
 .text.usart_init_rs232
                0x00002436      0x144 src/ASF/xmega/drivers/usart/usart.o
                0x00002436                usart_init_rs232
 .text.usart_xmegae_init_rs232
                0x0000257a      0x292 src/ASF/xmega/drivers/usart/usart_xmegae.o
                0x0000257a                usart_xmegae_init_rs232
 .text.avr-libc.fplib
                0x0000280c        0xa d:/program files (x86)/atmel studio 7.0/7.0/toolchain/avr8/avr8-gnu-toolchain/bin/../lib/gcc/avr/4.9.2/../../../../avr/lib/avrxmega2\libm.a(fixsfsi.o)
                0x0000280c                __fixsfsi
 .text.avr-libc.fplib
                0x00002816       0x58 d:/program files (x86)/atmel studio 7.0/7.0/toolchain/avr8/avr8-gnu-toolchain/bin/../lib/gcc/avr/4.9.2/../../../../avr/lib/avrxmega2\libm.a(fixunssfsi.o)
                0x00002816                __fixunssfsi
 .text.avr-libc.fplib
                0x0000286e       0x7a d:/program files (x86)/atmel studio 7.0/7.0/toolchain/avr8/avr8-gnu-toolchain/bin/../lib/gcc/avr/4.9.2/../../../../avr/lib/avrxmega2\libm.a(floatsisf.o)
                0x0000286e                __floatunsisf
                0x00002872                __floatsisf
 .text.avr-libc.fplib
                0x000028e8        0xc d:/program files (x86)/atmel studio 7.0/7.0/toolchain/avr8/avr8-gnu-toolchain/bin/../lib/gcc/avr/4.9.2/../../../../avr/lib/avrxmega2\libm.a(fp_inf.o)
                0x000028e8                __fp_inf
 .text.avr-libc.fplib
                0x000028f4        0x6 d:/program files (x86)/atmel studio 7.0/7.0/toolchain/avr8/avr8-gnu-toolchain/bin/../lib/gcc/avr/4.9.2/../../../../avr/lib/avrxmega2\libm.a(fp_nan.o)
                0x000028f4                __fp_nan
 .text.avr-libc.fplib
                0x000028fa        0xe d:/program files (x86)/atmel studio 7.0/7.0/toolchain/avr8/avr8-gnu-toolchain/bin/../lib/gcc/avr/4.9.2/../../../../avr/lib/avrxmega2\libm.a(fp_pscA.o)
                0x000028fa                __fp_pscA
 .text.avr-libc.fplib
                0x00002908        0xe d:/program files (x86)/atmel studio 7.0/7.0/toolchain/avr8/avr8-gnu-toolchain/bin/../lib/gcc/avr/4.9.2/../../../../avr/lib/avrxmega2\libm.a(fp_pscB.o)
                0x00002908                __fp_pscB
 .text.avr-libc.fplib
                0x00002916       0x22 d:/program files (x86)/atmel studio 7.0/7.0/toolchain/avr8/avr8-gnu-toolchain/bin/../lib/gcc/avr/4.9.2/../../../../avr/lib/avrxmega2\libm.a(fp_round.o)
                0x00002916                __fp_round
 .text.avr-libc.fplib
                0x00002938       0x44 d:/program files (x86)/atmel studio 7.0/7.0/toolchain/avr8/avr8-gnu-toolchain/bin/../lib/gcc/avr/4.9.2/../../../../avr/lib/avrxmega2\libm.a(fp_split3.o)
                0x00002938                __fp_split3
                0x00002948                __fp_splitA
 .text.avr-libc.fplib
                0x0000297c        0xe d:/program files (x86)/atmel studio 7.0/7.0/toolchain/avr8/avr8-gnu-toolchain/bin/../lib/gcc/avr/4.9.2/../../../../avr/lib/avrxmega2\libm.a(fp_zero.o)
                0x0000297c                __fp_zero
                0x0000297e                __fp_szero
 .text.avr-libc.fplib
                0x0000298a        0x4 d:/program files (x86)/atmel studio 7.0/7.0/toolchain/avr8/avr8-gnu-toolchain/bin/../lib/gcc/avr/4.9.2/../../../../avr/lib/avrxmega2\libm.a(mulsf3.o)
                0x0000298a                __mulsf3
 .text.avr-libc.fplib
                0x0000298e       0xc2 d:/program files (x86)/atmel studio 7.0/7.0/toolchain/avr8/avr8-gnu-toolchain/bin/../lib/gcc/avr/4.9.2/../../../../avr/lib/avrxmega2\libm.a(mulsf3x.o)
                0x000029a2                __mulsf3x
                0x000029a6                __mulsf3_pse
 .text.libgcc.div
                0x00002a50       0x44 d:/program files (x86)/atmel studio 7.0/7.0/toolchain/avr8/avr8-gnu-toolchain/bin/../lib/gcc/avr/4.9.2/avrxmega2\libgcc.a(_udivmodsi4.o)
                0x00002a50                __udivmodsi4
 .text.libgcc   0x00002a94        0xc d:/program files (x86)/atmel studio 7.0/7.0/toolchain/avr8/avr8-gnu-toolchain/bin/../lib/gcc/avr/4.9.2/avrxmega2\libgcc.a(_tablejump2.o)
                0x00002a94                __tablejump2__
 .text.libgcc.mul
                0x00002aa0       0x1e d:/program files (x86)/atmel studio 7.0/7.0/toolchain/avr8/avr8-gnu-toolchain/bin/../lib/gcc/avr/4.9.2/avrxmega2\libgcc.a(_umulhisi3.o)
                0x00002aa0                __umulhisi3
 .text.avr-libc
                0x00002abe       0x12 d:/program files (x86)/atmel studio 7.0/7.0/toolchain/avr8/avr8-gnu-toolchain/bin/../lib/gcc/avr/4.9.2/../../../../avr/lib/avrxmega2\libc.a(memcpy.o)
                0x00002abe                memcpy
 .text.avr-libc
                0x00002ad0       0x94 d:/program files (x86)/atmel studio 7.0/7.0/toolchain/avr8/avr8-gnu-toolchain/bin/../lib/gcc/avr/4.9.2/../../../../avr/lib/avrxmega2\libc.a(fdevopen.o)
                0x00002ad0                fdevopen
 .text.avr-libc
                0x00002b64       0x34 d:/program files (x86)/atmel studio 7.0/7.0/toolchain/avr8/avr8-gnu-toolchain/bin/../lib/gcc/avr/4.9.2/../../../../avr/lib/avrxmega2\libc.a(calloc.o)
                0x00002b64                calloc
 .text.avr-libc
                0x00002b98      0x25a d:/program files (x86)/atmel studio 7.0/7.0/toolchain/avr8/avr8-gnu-toolchain/bin/../lib/gcc/avr/4.9.2/../../../../avr/lib/avrxmega2\libc.a(malloc.o)
                0x00002b98                malloc
                0x00002cc2                free
 .text.avr-libc
                0x00002df2        0xe d:/program files (x86)/atmel studio 7.0/7.0/toolchain/avr8/avr8-gnu-toolchain/bin/../lib/gcc/avr/4.9.2/../../../../avr/lib/avrxmega2\libc.a(memset.o)
                0x00002df2                memset
                0x00002e00                . = ALIGN (0x2)
 *(.fini9)
 .fini9         0x00002e00        0x0 d:/program files (x86)/atmel studio 7.0/7.0/toolchain/avr8/avr8-gnu-toolchain/bin/../lib/gcc/avr/4.9.2/avrxmega2\libgcc.a(_exit.o)
                0x00002e00                _exit
                0x00002e00                exit
 *(.fini9)
 *(.fini8)
 *(.fini8)
 *(.fini7)
 *(.fini7)
 *(.fini6)
 *(.fini6)
 *(.fini5)
 *(.fini5)
 *(.fini4)
 *(.fini4)
 *(.fini3)
 *(.fini3)
 *(.fini2)
 *(.fini2)
 *(.fini1)
 *(.fini1)
 *(.fini0)
 .fini0         0x00002e00        0x4 d:/program files (x86)/atmel studio 7.0/7.0/toolchain/avr8/avr8-gnu-toolchain/bin/../lib/gcc/avr/4.9.2/avrxmega2\libgcc.a(_exit.o)
 *(.fini0)
                0x00002e04                _etext = .

.data           0x00802000       0x2e load address 0x00002e04
                0x00802000                PROVIDE (__data_start, .)
 *(.data)
 .data          0x00802000        0x6 d:/program files (x86)/atmel studio 7.0/7.0/toolchain/avr8/avr8-gnu-toolchain/bin/../lib/gcc/avr/4.9.2/../../../../avr/lib/avrxmega2\libc.a(malloc.o)
                0x00802000                __malloc_heap_end
                0x00802002                __malloc_heap_start
                0x00802004                __malloc_margin
 *(.data*)
 .data.tmp_sum_last.6415
                0x00802006        0xa src/users/function.o
 .data.USART_SERIAL_OPTIONS.6182
                0x00802010        0xd src/users/user_uart.o
 *(.rodata)
 .rodata        0x0080201d       0x10 src/users/function.o
 *(.rodata*)
 *(.gnu.linkonce.d*)
                0x0080202e                . = ALIGN (0x2)
 *fill*         0x0080202d        0x1 
                0x0080202e                _edata = .
                0x0080202e                PROVIDE (__data_end, .)

.bss            0x0080202e      0x159
                0x0080202e                PROVIDE (__bss_start, .)
 *(.bss)
 *(.bss*)
 .bss.adca_enable_count
                0x0080202e        0x1 src/ASF/xmega/drivers/adc/adc.o
 .bss.daca_enable_count
                0x0080202f        0x1 src/ASF/xmega/drivers/dac/dac.o
 .bss.xcl_is_synchronous
                0x00802030        0x1 src/ASF/xmega/drivers/xcl/xcl.o
                0x00802030                xcl_is_synchronous
 *(COMMON)
 COMMON         0x00802031       0x28 src/users/user_adc.o
                0x00802031                buf
 COMMON         0x00802059      0x116 src/users/function.o
                0x00802059                K
                0x0080205d                flag_mode
                0x0080205f                flag_uart
                0x00802060                first_time
                0x00802061                lock_b
                0x00802062                ReceiveData
                0x00802168                first_correct
                0x00802169                Badd
                0x0080216b                VPP2_Last
                0x0080216d                rx_buff_cnt
 COMMON         0x0080216f        0x6 src/ASF/common/services/sleepmgr/xmega/sleepmgr.o
                0x0080216f                sleepmgr_locks
 COMMON         0x00802175        0x2 src/ASF/common/utils/stdio/read.o
                0x00802175                ptr_get
 COMMON         0x00802177        0x4 src/ASF/common/utils/stdio/write.o
                0x00802177                ptr_put
                0x00802179                stdio_base
 COMMON         0x0080217b        0x2 src/ASF/xmega/drivers/adc/adc.o
                0x0080217b                adca_callback
 COMMON         0x0080217d        0x6 d:/program files (x86)/atmel studio 7.0/7.0/toolchain/avr8/avr8-gnu-toolchain/bin/../lib/gcc/avr/4.9.2/../../../../avr/lib/avrxmega2\libc.a(iob.o)
                0x0080217d                __iob
 COMMON         0x00802183        0x4 d:/program files (x86)/atmel studio 7.0/7.0/toolchain/avr8/avr8-gnu-toolchain/bin/../lib/gcc/avr/4.9.2/../../../../avr/lib/avrxmega2\libc.a(malloc.o)
                0x00802183                __brkval
                0x00802185                __flp
                0x00802187                PROVIDE (__bss_end, .)
                0x00002e04                __data_load_start = LOADADDR (.data)
                0x00002e32                __data_load_end = (__data_load_start + SIZEOF (.data))

.noinit         0x00802187        0x0
                [!provide]                PROVIDE (__noinit_start, .)
 *(.noinit*)
                [!provide]                PROVIDE (__noinit_end, .)
                0x00802187                _end = .
                0x00802187                PROVIDE (__heap_start, .)

.eeprom         0x00810000        0x0
 *(.eeprom*)
                0x00810000                __eeprom_end = .

.fuse
 *(.fuse)
 *(.lfuse)
 *(.hfuse)
 *(.efuse)

.lock
 *(.lock*)

.signature
 *(.signature*)

.user_signatures
 *(.user_signatures*)

.stab
 *(.stab)

.stabstr
 *(.stabstr)

.stab.excl
 *(.stab.excl)

.stab.exclstr
 *(.stab.exclstr)

.stab.index
 *(.stab.index)

.stab.indexstr
 *(.stab.indexstr)

.comment        0x00000000       0x30
 *(.comment)
 .comment       0x00000000       0x30 src/main.o
                                 0x31 (size before relaxing)
 .comment       0x00000030       0x31 src/users/user_adc.o
 .comment       0x00000030       0x31 src/users/cacul.o
 .comment       0x00000030       0x31 src/users/config.o
 .comment       0x00000030       0x31 src/users/flash.o
 .comment       0x00000030       0x31 src/users/function.o
 .comment       0x00000030       0x31 src/users/user_uart.o
 .comment       0x00000030       0x31 src/ASF/common/drivers/nvm/xmega/xmega_nvm.o
 .comment       0x00000030       0x31 src/ASF/common/services/clock/xmega/sysclk.o
 .comment       0x00000030       0x31 src/ASF/common/services/ioport/xmega/ioport_compat.o
 .comment       0x00000030       0x31 src/ASF/common/services/sleepmgr/xmega/sleepmgr.o
 .comment       0x00000030       0x31 src/ASF/common/utils/stdio/read.o
 .comment       0x00000030       0x31 src/ASF/common/utils/stdio/write.o
 .comment       0x00000030       0x31 src/ASF/xmega/boards/xmega_e5_xplained/init.o
 .comment       0x00000030       0x31 src/ASF/xmega/drivers/adc/adc.o
 .comment       0x00000030       0x31 src/ASF/xmega/drivers/adc/xmega_e/adc_e.o
 .comment       0x00000030       0x31 src/ASF/xmega/drivers/dac/dac.o
 .comment       0x00000030       0x31 src/ASF/xmega/drivers/nvm/nvm.o
 .comment       0x00000030       0x31 src/ASF/xmega/drivers/usart/usart.o
 .comment       0x00000030       0x31 src/ASF/xmega/drivers/usart/usart_xmegae.o
 .comment       0x00000030       0x31 src/ASF/xmega/drivers/xcl/xcl.o
 .comment       0x00000030       0x31 d:/program files (x86)/atmel studio 7.0/7.0/toolchain/avr8/avr8-gnu-toolchain/bin/../lib/gcc/avr/4.9.2/../../../../avr/lib/avrxmega2\libc.a(fdevopen.o)
 .comment       0x00000030       0x31 d:/program files (x86)/atmel studio 7.0/7.0/toolchain/avr8/avr8-gnu-toolchain/bin/../lib/gcc/avr/4.9.2/../../../../avr/lib/avrxmega2\libc.a(iob.o)
 .comment       0x00000030       0x31 d:/program files (x86)/atmel studio 7.0/7.0/toolchain/avr8/avr8-gnu-toolchain/bin/../lib/gcc/avr/4.9.2/../../../../avr/lib/avrxmega2\libc.a(calloc.o)
 .comment       0x00000030       0x31 d:/program files (x86)/atmel studio 7.0/7.0/toolchain/avr8/avr8-gnu-toolchain/bin/../lib/gcc/avr/4.9.2/../../../../avr/lib/avrxmega2\libc.a(malloc.o)

.note.gnu.avr.deviceinfo
                0x00000000       0x40
 .note.gnu.avr.deviceinfo
                0x00000000       0x40 D:/Program Files (x86)/Atmel Studio 7.0/7.0/Packs/atmel/XMEGAE_DFP/1.2.46/gcc/dev/atxmega32e5/avrxmega2/crtatxmega32e5.o

.note.gnu.build-id
 *(.note.gnu.build-id)

.debug
 *(.debug)

.line
 *(.line)

.debug_srcinfo
 *(.debug_srcinfo)

.debug_sfnames
 *(.debug_sfnames)

.debug_aranges  0x00000000      0x570
 *(.debug_aranges)
 .debug_aranges
                0x00000000       0x30 src/main.o
 .debug_aranges
                0x00000030       0x58 src/users/user_adc.o
 .debug_aranges
                0x00000088       0x28 src/users/cacul.o
 .debug_aranges
                0x000000b0       0x50 src/users/config.o
 .debug_aranges
                0x00000100       0x38 src/users/flash.o
 .debug_aranges
                0x00000138       0x40 src/users/function.o
 .debug_aranges
                0x00000178       0x40 src/users/user_uart.o
 .debug_aranges
                0x000001b8       0x68 src/ASF/common/drivers/nvm/xmega/xmega_nvm.o
 .debug_aranges
                0x00000220       0x30 src/ASF/common/services/clock/xmega/sysclk.o
 .debug_aranges
                0x00000250       0x20 src/ASF/common/services/ioport/xmega/ioport_compat.o
 .debug_aranges
                0x00000270       0x18 src/ASF/common/services/sleepmgr/xmega/sleepmgr.o
 .debug_aranges
                0x00000288       0x20 src/ASF/common/utils/stdio/read.o
 .debug_aranges
                0x000002a8       0x20 src/ASF/common/utils/stdio/write.o
 .debug_aranges
                0x000002c8       0x20 src/ASF/xmega/boards/xmega_e5_xplained/init.o
 .debug_aranges
                0x000002e8       0x48 src/ASF/xmega/drivers/adc/adc.o
 .debug_aranges
                0x00000330       0x40 src/ASF/xmega/drivers/adc/xmega_e/adc_e.o
 .debug_aranges
                0x00000370       0x20 src/ASF/xmega/drivers/cpu/ccp.o
 .debug_aranges
                0x00000390       0x50 src/ASF/xmega/drivers/dac/dac.o
 .debug_aranges
                0x000003e0       0xc0 src/ASF/xmega/drivers/nvm/nvm.o
 .debug_aranges
                0x000004a0       0x28 src/ASF/xmega/drivers/nvm/nvm_asm.o
 .debug_aranges
                0x000004c8       0x58 src/ASF/xmega/drivers/usart/usart.o
 .debug_aranges
                0x00000520       0x30 src/ASF/xmega/drivers/usart/usart_xmegae.o
 .debug_aranges
                0x00000550       0x20 src/ASF/xmega/drivers/xcl/xcl.o

.debug_pubnames
 *(.debug_pubnames)

.debug_info     0x00000000    0x1561e
 *(.debug_info .gnu.linkonce.wi.*)
 .debug_info    0x00000000     0x1bea D:/Program Files (x86)/Atmel Studio 7.0/7.0/Packs/atmel/XMEGAE_DFP/1.2.46/gcc/dev/atxmega32e5/avrxmega2/crtatxmega32e5.o
 .debug_info    0x00001bea      0xe29 src/main.o
 .debug_info    0x00002a13      0xe06 src/users/user_adc.o
 .debug_info    0x00003819      0x489 src/users/cacul.o
 .debug_info    0x00003ca2     0x25c2 src/users/config.o
 .debug_info    0x00006264      0x479 src/users/flash.o
 .debug_info    0x000066dd     0x12cc src/users/function.o
 .debug_info    0x000079a9      0xa93 src/users/user_uart.o
 .debug_info    0x0000843c      0xbd0 src/ASF/common/drivers/nvm/xmega/xmega_nvm.o
 .debug_info    0x0000900c      0x6a2 src/ASF/common/services/clock/xmega/sysclk.o
 .debug_info    0x000096ae      0x11d src/ASF/common/services/ioport/xmega/ioport_compat.o
 .debug_info    0x000097cb      0x121 src/ASF/common/services/sleepmgr/xmega/sleepmgr.o
 .debug_info    0x000098ec      0x119 src/ASF/common/utils/stdio/read.o
 .debug_info    0x00009a05      0x119 src/ASF/common/utils/stdio/write.o
 .debug_info    0x00009b1e      0x3e7 src/ASF/xmega/boards/xmega_e5_xplained/init.o
 .debug_info    0x00009f05      0xa2a src/ASF/xmega/drivers/adc/adc.o
 .debug_info    0x0000a92f      0xc0a src/ASF/xmega/drivers/adc/xmega_e/adc_e.o
 .debug_info    0x0000b539       0x98 src/ASF/xmega/drivers/cpu/ccp.o
 .debug_info    0x0000b5d1      0xbea src/ASF/xmega/drivers/dac/dac.o
 .debug_info    0x0000c1bb     0x1340 src/ASF/xmega/drivers/nvm/nvm.o
 .debug_info    0x0000d4fb       0x98 src/ASF/xmega/drivers/nvm/nvm_asm.o
 .debug_info    0x0000d593     0x2cfe src/ASF/xmega/drivers/usart/usart.o
 .debug_info    0x00010291     0x33a0 src/ASF/xmega/drivers/usart/usart_xmegae.o
 .debug_info    0x00013631     0x1fed src/ASF/xmega/drivers/xcl/xcl.o

.debug_abbrev   0x00000000     0x4f53
 *(.debug_abbrev)
 .debug_abbrev  0x00000000     0x1a6e D:/Program Files (x86)/Atmel Studio 7.0/7.0/Packs/atmel/XMEGAE_DFP/1.2.46/gcc/dev/atxmega32e5/avrxmega2/crtatxmega32e5.o
 .debug_abbrev  0x00001a6e      0x3a8 src/main.o
 .debug_abbrev  0x00001e16      0x361 src/users/user_adc.o
 .debug_abbrev  0x00002177      0x210 src/users/cacul.o
 .debug_abbrev  0x00002387      0x3fa src/users/config.o
 .debug_abbrev  0x00002781      0x19c src/users/flash.o
 .debug_abbrev  0x0000291d      0x349 src/users/function.o
 .debug_abbrev  0x00002c66      0x31f src/users/user_uart.o
 .debug_abbrev  0x00002f85      0x30b src/ASF/common/drivers/nvm/xmega/xmega_nvm.o
 .debug_abbrev  0x00003290      0x221 src/ASF/common/services/clock/xmega/sysclk.o
 .debug_abbrev  0x000034b1       0x93 src/ASF/common/services/ioport/xmega/ioport_compat.o
 .debug_abbrev  0x00003544       0x80 src/ASF/common/services/sleepmgr/xmega/sleepmgr.o
 .debug_abbrev  0x000035c4       0xc5 src/ASF/common/utils/stdio/read.o
 .debug_abbrev  0x00003689       0xa7 src/ASF/common/utils/stdio/write.o
 .debug_abbrev  0x00003730      0x157 src/ASF/xmega/boards/xmega_e5_xplained/init.o
 .debug_abbrev  0x00003887      0x2de src/ASF/xmega/drivers/adc/adc.o
 .debug_abbrev  0x00003b65      0x304 src/ASF/xmega/drivers/adc/xmega_e/adc_e.o
 .debug_abbrev  0x00003e69       0x14 src/ASF/xmega/drivers/cpu/ccp.o
 .debug_abbrev  0x00003e7d      0x302 src/ASF/xmega/drivers/dac/dac.o
 .debug_abbrev  0x0000417f      0x3e5 src/ASF/xmega/drivers/nvm/nvm.o
 .debug_abbrev  0x00004564       0x12 src/ASF/xmega/drivers/nvm/nvm_asm.o
 .debug_abbrev  0x00004576      0x406 src/ASF/xmega/drivers/usart/usart.o
 .debug_abbrev  0x0000497c      0x396 src/ASF/xmega/drivers/usart/usart_xmegae.o
 .debug_abbrev  0x00004d12      0x241 src/ASF/xmega/drivers/xcl/xcl.o

.debug_line     0x00000000     0xbcb5
 *(.debug_line .debug_line.* .debug_line_end)
 .debug_line    0x00000000      0x199 D:/Program Files (x86)/Atmel Studio 7.0/7.0/Packs/atmel/XMEGAE_DFP/1.2.46/gcc/dev/atxmega32e5/avrxmega2/crtatxmega32e5.o
 .debug_line    0x00000199      0xc66 src/main.o
 .debug_line    0x00000dff      0xc4e src/users/user_adc.o
 .debug_line    0x00001a4d      0xa6e src/users/cacul.o
 .debug_line    0x000024bb      0xe87 src/users/config.o
 .debug_line    0x00003342      0xa1f src/users/flash.o
 .debug_line    0x00003d61      0xd8f src/users/function.o
 .debug_line    0x00004af0      0xae8 src/users/user_uart.o
 .debug_line    0x000055d8      0x7e1 src/ASF/common/drivers/nvm/xmega/xmega_nvm.o
 .debug_line    0x00005db9      0x5e8 src/ASF/common/services/clock/xmega/sysclk.o
 .debug_line    0x000063a1      0x4c1 src/ASF/common/services/ioport/xmega/ioport_compat.o
 .debug_line    0x00006862      0x464 src/ASF/common/services/sleepmgr/xmega/sleepmgr.o
 .debug_line    0x00006cc6      0x3e1 src/ASF/common/utils/stdio/read.o
 .debug_line    0x000070a7      0x3e8 src/ASF/common/utils/stdio/write.o
 .debug_line    0x0000748f      0x4e8 src/ASF/xmega/boards/xmega_e5_xplained/init.o
 .debug_line    0x00007977      0x792 src/ASF/xmega/drivers/adc/adc.o
 .debug_line    0x00008109      0x85c src/ASF/xmega/drivers/adc/xmega_e/adc_e.o
 .debug_line    0x00008965       0x6e src/ASF/xmega/drivers/cpu/ccp.o
 .debug_line    0x000089d3      0x832 src/ASF/xmega/drivers/dac/dac.o
 .debug_line    0x00009205      0xb13 src/ASF/xmega/drivers/nvm/nvm.o
 .debug_line    0x00009d18      0x11f src/ASF/xmega/drivers/nvm/nvm_asm.o
 .debug_line    0x00009e37      0xb13 src/ASF/xmega/drivers/usart/usart.o
 .debug_line    0x0000a94a      0xc99 src/ASF/xmega/drivers/usart/usart_xmegae.o
 .debug_line    0x0000b5e3      0x6d2 src/ASF/xmega/drivers/xcl/xcl.o

.debug_frame    0x00000000     0x1140
 *(.debug_frame)
 .debug_frame   0x00000000      0x104 src/main.o
 .debug_frame   0x00000104      0x16c src/users/user_adc.o
 .debug_frame   0x00000270       0x6c src/users/cacul.o
 .debug_frame   0x000002dc      0x110 src/users/config.o
 .debug_frame   0x000003ec       0x80 src/users/flash.o
 .debug_frame   0x0000046c      0x14c src/users/function.o
 .debug_frame   0x000005b8       0x94 src/users/user_uart.o
 .debug_frame   0x0000064c      0x11c src/ASF/common/drivers/nvm/xmega/xmega_nvm.o
 .debug_frame   0x00000768       0x74 src/ASF/common/services/clock/xmega/sysclk.o
 .debug_frame   0x000007dc       0x30 src/ASF/common/services/ioport/xmega/ioport_compat.o
 .debug_frame   0x0000080c       0x34 src/ASF/common/utils/stdio/read.o
 .debug_frame   0x00000840       0x24 src/ASF/common/utils/stdio/write.o
 .debug_frame   0x00000864       0x24 src/ASF/xmega/boards/xmega_e5_xplained/init.o
 .debug_frame   0x00000888       0xbc src/ASF/xmega/drivers/adc/adc.o
 .debug_frame   0x00000944      0x160 src/ASF/xmega/drivers/adc/xmega_e/adc_e.o
 .debug_frame   0x00000aa4      0x128 src/ASF/xmega/drivers/dac/dac.o
 .debug_frame   0x00000bcc      0x334 src/ASF/xmega/drivers/nvm/nvm.o
 .debug_frame   0x00000f00      0x160 src/ASF/xmega/drivers/usart/usart.o
 .debug_frame   0x00001060       0xbc src/ASF/xmega/drivers/usart/usart_xmegae.o
 .debug_frame   0x0000111c       0x24 src/ASF/xmega/drivers/xcl/xcl.o

.debug_str      0x00000000    0x2f966
 *(.debug_str)
 .debug_str     0x00000000     0x1277 D:/Program Files (x86)/Atmel Studio 7.0/7.0/Packs/atmel/XMEGAE_DFP/1.2.46/gcc/dev/atxmega32e5/avrxmega2/crtatxmega32e5.o
 .debug_str     0x00001277    0x2aef3 src/main.o
                              0x2b664 (size before relaxing)
 .debug_str     0x0002c16a      0x659 src/users/user_adc.o
                              0x2b123 (size before relaxing)
 .debug_str     0x0002c7c3       0x29 src/users/cacul.o
                              0x2ad5d (size before relaxing)
 .debug_str     0x0002c7ec      0xbfd src/users/config.o
                              0x2bbc2 (size before relaxing)
 .debug_str     0x0002d3e9       0x63 src/users/flash.o
                              0x2ac2a (size before relaxing)
 .debug_str     0x0002d44c       0xdb src/users/function.o
                              0x2b828 (size before relaxing)
 .debug_str     0x0002d527      0x53c src/users/user_uart.o
                              0x2b142 (size before relaxing)
 .debug_str     0x0002da63      0x7b3 src/ASF/common/drivers/nvm/xmega/xmega_nvm.o
                              0x27652 (size before relaxing)
 .debug_str     0x0002e216      0x149 src/ASF/common/services/clock/xmega/sysclk.o
                              0x28d2a (size before relaxing)
 .debug_str     0x0002e35f       0xab src/ASF/common/services/ioport/xmega/ioport_compat.o
                              0x27215 (size before relaxing)
 .debug_str     0x0002e40a       0x35 src/ASF/common/services/sleepmgr/xmega/sleepmgr.o
                              0x26f50 (size before relaxing)
 .debug_str     0x0002e43f       0x25 src/ASF/common/utils/stdio/read.o
                              0x26bab (size before relaxing)
 .debug_str     0x0002e464       0x26 src/ASF/common/utils/stdio/write.o
                              0x26bad (size before relaxing)
 .debug_str     0x0002e48a      0x175 src/ASF/xmega/boards/xmega_e5_xplained/init.o
                              0x286cc (size before relaxing)
 .debug_str     0x0002e5ff      0x36a src/ASF/xmega/drivers/adc/adc.o
                              0x299f5 (size before relaxing)
 .debug_str     0x0002e969       0xf7 src/ASF/xmega/drivers/adc/xmega_e/adc_e.o
                              0x29b19 (size before relaxing)
 .debug_str     0x0002ea60      0x10d src/ASF/xmega/drivers/dac/dac.o
                              0x297ad (size before relaxing)
 .debug_str     0x0002eb6d      0x371 src/ASF/xmega/drivers/nvm/nvm.o
                              0x27731 (size before relaxing)
 .debug_str     0x0002eede      0x7ea src/ASF/xmega/drivers/usart/usart.o
                              0x2a277 (size before relaxing)
 .debug_str     0x0002f6c8      0x1bf src/ASF/xmega/drivers/usart/usart_xmegae.o
                              0x2a948 (size before relaxing)
 .debug_str     0x0002f887       0xdf src/ASF/xmega/drivers/xcl/xcl.o
                              0x29c1c (size before relaxing)

.debug_loc      0x00000000     0x6644
 *(.debug_loc)
 .debug_loc     0x00000000      0x493 src/main.o
 .debug_loc     0x00000493      0x5cc src/users/user_adc.o
 .debug_loc     0x00000a5f      0x1d9 src/users/cacul.o
 .debug_loc     0x00000c38      0x3c6 src/users/config.o
 .debug_loc     0x00000ffe      0x1e1 src/users/flash.o
 .debug_loc     0x000011df      0x8c9 src/users/function.o
 .debug_loc     0x00001aa8      0x223 src/users/user_uart.o
 .debug_loc     0x00001ccb      0xc76 src/ASF/common/drivers/nvm/xmega/xmega_nvm.o
 .debug_loc     0x00002941      0x248 src/ASF/common/services/clock/xmega/sysclk.o
 .debug_loc     0x00002b89       0x66 src/ASF/common/services/ioport/xmega/ioport_compat.o
 .debug_loc     0x00002bef       0x6e src/ASF/common/utils/stdio/read.o
 .debug_loc     0x00002c5d       0x52 src/ASF/common/utils/stdio/write.o
 .debug_loc     0x00002caf      0x246 src/ASF/xmega/drivers/adc/adc.o
 .debug_loc     0x00002ef5      0x5e2 src/ASF/xmega/drivers/adc/xmega_e/adc_e.o
 .debug_loc     0x000034d7      0x4c9 src/ASF/xmega/drivers/dac/dac.o
 .debug_loc     0x000039a0     0x11bb src/ASF/xmega/drivers/nvm/nvm.o
 .debug_loc     0x00004b5b      0xe9d src/ASF/xmega/drivers/usart/usart.o
 .debug_loc     0x000059f8      0xad0 src/ASF/xmega/drivers/usart/usart_xmegae.o
 .debug_loc     0x000064c8      0x17c src/ASF/xmega/drivers/xcl/xcl.o

.debug_macinfo
 *(.debug_macinfo)

.debug_weaknames
 *(.debug_weaknames)

.debug_funcnames
 *(.debug_funcnames)

.debug_typenames
 *(.debug_typenames)

.debug_varnames
 *(.debug_varnames)

.debug_pubtypes
 *(.debug_pubtypes)

.debug_ranges   0x00000000      0x490
 *(.debug_ranges)
 .debug_ranges  0x00000000       0x38 src/main.o
 .debug_ranges  0x00000038       0x48 src/users/user_adc.o
 .debug_ranges  0x00000080       0x18 src/users/cacul.o
 .debug_ranges  0x00000098       0x40 src/users/config.o
 .debug_ranges  0x000000d8       0x28 src/users/flash.o
 .debug_ranges  0x00000100       0x30 src/users/function.o
 .debug_ranges  0x00000130       0x30 src/users/user_uart.o
 .debug_ranges  0x00000160       0x58 src/ASF/common/drivers/nvm/xmega/xmega_nvm.o
 .debug_ranges  0x000001b8       0x20 src/ASF/common/services/clock/xmega/sysclk.o
 .debug_ranges  0x000001d8       0x10 src/ASF/common/services/ioport/xmega/ioport_compat.o
 .debug_ranges  0x000001e8       0x10 src/ASF/common/utils/stdio/read.o
 .debug_ranges  0x000001f8       0x10 src/ASF/common/utils/stdio/write.o
 .debug_ranges  0x00000208       0x10 src/ASF/xmega/boards/xmega_e5_xplained/init.o
 .debug_ranges  0x00000218       0x38 src/ASF/xmega/drivers/adc/adc.o
 .debug_ranges  0x00000250       0x30 src/ASF/xmega/drivers/adc/xmega_e/adc_e.o
 .debug_ranges  0x00000280       0x40 src/ASF/xmega/drivers/dac/dac.o
 .debug_ranges  0x000002c0       0xc8 src/ASF/xmega/drivers/nvm/nvm.o
 .debug_ranges  0x00000388       0x20 src/ASF/xmega/drivers/nvm/nvm_asm.o
 .debug_ranges  0x000003a8       0x80 src/ASF/xmega/drivers/usart/usart.o
 .debug_ranges  0x00000428       0x58 src/ASF/xmega/drivers/usart/usart_xmegae.o
 .debug_ranges  0x00000480       0x10 src/ASF/xmega/drivers/xcl/xcl.o

.debug_macro    0x00000000     0xd477
 *(.debug_macro)
 .debug_macro   0x00000000      0x3d2 src/main.o
 .debug_macro   0x000003d2      0xa5a src/main.o
 .debug_macro   0x00000e2c       0x10 src/main.o
 .debug_macro   0x00000e3c      0x1c9 src/main.o
 .debug_macro   0x00001005      0x2fc src/main.o
 .debug_macro   0x00001301       0x9e src/main.o
 .debug_macro   0x0000139f     0x6488 src/main.o
 .debug_macro   0x00007827       0x9a src/main.o
 .debug_macro   0x000078c1       0xf1 src/main.o
 .debug_macro   0x000079b2       0x34 src/main.o
 .debug_macro   0x000079e6       0x10 src/main.o
 .debug_macro   0x000079f6       0x18 src/main.o
 .debug_macro   0x00007a0e       0x5e src/main.o
 .debug_macro   0x00007a6c       0x10 src/main.o
 .debug_macro   0x00007a7c       0x22 src/main.o
 .debug_macro   0x00007a9e      0x166 src/main.o
 .debug_macro   0x00007c04       0x1c src/main.o
 .debug_macro   0x00007c20       0x35 src/main.o
 .debug_macro   0x00007c55       0x66 src/main.o
 .debug_macro   0x00007cbb      0x652 src/main.o
 .debug_macro   0x0000830d       0x97 src/main.o
 .debug_macro   0x000083a4       0x17 src/main.o
 .debug_macro   0x000083bb      0x250 src/main.o
 .debug_macro   0x0000860b       0x76 src/main.o
 .debug_macro   0x00008681       0x16 src/main.o
 .debug_macro   0x00008697      0x6e3 src/main.o
 .debug_macro   0x00008d7a       0x10 src/main.o
 .debug_macro   0x00008d8a      0x175 src/main.o
 .debug_macro   0x00008eff       0x40 src/main.o
 .debug_macro   0x00008f3f       0x69 src/main.o
 .debug_macro   0x00008fa8       0x32 src/main.o
 .debug_macro   0x00008fda       0xe4 src/main.o
 .debug_macro   0x000090be       0x10 src/main.o
 .debug_macro   0x000090ce       0x20 src/main.o
 .debug_macro   0x000090ee       0x10 src/main.o
 .debug_macro   0x000090fe       0x42 src/main.o
 .debug_macro   0x00009140       0x22 src/main.o
 .debug_macro   0x00009162      0x2bf src/main.o
 .debug_macro   0x00009421      0x1e5 src/main.o
 .debug_macro   0x00009606       0x6e src/main.o
 .debug_macro   0x00009674       0x2f src/main.o
 .debug_macro   0x000096a3      0x169 src/main.o
 .debug_macro   0x0000980c       0xe2 src/main.o
 .debug_macro   0x000098ee       0x34 src/main.o
 .debug_macro   0x00009922       0x56 src/main.o
 .debug_macro   0x00009978       0x28 src/main.o
 .debug_macro   0x000099a0       0x23 src/main.o
 .debug_macro   0x000099c3       0x7c src/main.o
 .debug_macro   0x00009a3f      0x10f src/main.o
 .debug_macro   0x00009b4e       0x40 src/main.o
 .debug_macro   0x00009b8e       0x10 src/main.o
 .debug_macro   0x00009b9e       0x58 src/main.o
 .debug_macro   0x00009bf6       0x10 src/main.o
 .debug_macro   0x00009c06       0xf2 src/main.o
 .debug_macro   0x00009cf8       0x3a src/main.o
 .debug_macro   0x00009d32       0x1c src/main.o
 .debug_macro   0x00009d4e       0x28 src/main.o
 .debug_macro   0x00009d76       0x16 src/main.o
 .debug_macro   0x00009d8c       0xac src/main.o
 .debug_macro   0x00009e38       0x3a src/main.o
 .debug_macro   0x00009e72      0x390 src/users/user_adc.o
 .debug_macro   0x0000a202       0x34 src/users/user_adc.o
 .debug_macro   0x0000a236      0x38a src/users/cacul.o
 .debug_macro   0x0000a5c0      0x376 src/users/config.o
 .debug_macro   0x0000a936      0x380 src/users/flash.o
 .debug_macro   0x0000acb6      0x3bf src/users/function.o
 .debug_macro   0x0000b075      0x393 src/users/user_uart.o
 .debug_macro   0x0000b408      0x1ad src/ASF/common/drivers/nvm/xmega/xmega_nvm.o
 .debug_macro   0x0000b5b5      0x1d2 src/ASF/common/services/clock/xmega/sysclk.o
 .debug_macro   0x0000b787      0x193 src/ASF/common/services/ioport/xmega/ioport_compat.o
 .debug_macro   0x0000b91a      0x1a3 src/ASF/common/services/sleepmgr/xmega/sleepmgr.o
 .debug_macro   0x0000babd      0x16d src/ASF/common/utils/stdio/read.o
 .debug_macro   0x0000bc2a      0x16d src/ASF/common/utils/stdio/write.o
 .debug_macro   0x0000bd97      0x1b5 src/ASF/xmega/boards/xmega_e5_xplained/init.o
 .debug_macro   0x0000bf4c      0x2b9 src/ASF/xmega/boards/xmega_e5_xplained/init.o
 .debug_macro   0x0000c205      0x22f src/ASF/xmega/drivers/adc/adc.o
 .debug_macro   0x0000c434      0x22f src/ASF/xmega/drivers/adc/xmega_e/adc_e.o
 .debug_macro   0x0000c663      0x226 src/ASF/xmega/drivers/dac/dac.o
 .debug_macro   0x0000c889       0x50 src/ASF/xmega/drivers/dac/dac.o
 .debug_macro   0x0000c8d9      0x198 src/ASF/xmega/drivers/nvm/nvm.o
 .debug_macro   0x0000ca71       0x26 src/ASF/xmega/drivers/nvm/nvm.o
 .debug_macro   0x0000ca97      0x221 src/ASF/xmega/drivers/usart/usart.o
 .debug_macro   0x0000ccb8      0x302 src/ASF/xmega/drivers/usart/usart.o
 .debug_macro   0x0000cfba      0x289 src/ASF/xmega/drivers/usart/usart_xmegae.o
 .debug_macro   0x0000d243      0x234 src/ASF/xmega/drivers/xcl/xcl.o
OUTPUT(ATMEL_0507.elf elf32-avr)
LOAD linker stubs

.BOOT           0x00008000       0x44
 .BOOT          0x00008000       0x44 src/ASF/xmega/drivers/nvm/nvm_asm.o
                0x00008000                nvm_common_spm
                0x0000801e                nvm_flash_load_word_to_buffer
