Archive member included to satisfy reference by file (symbol)

d:/program files (x86)/atmel studio 7.0/7.0/toolchain/avr8/avr8-gnu-toolchain/bin/../lib/gcc/avr/4.9.2/../../../../avr/lib/avrxmega2\libm.a(divsf3.o)
                              src/usart_example2.o (__divsf3)
d:/program files (x86)/atmel studio 7.0/7.0/toolchain/avr8/avr8-gnu-toolchain/bin/../lib/gcc/avr/4.9.2/../../../../avr/lib/avrxmega2\libm.a(divsf3x.o)
                              d:/program files (x86)/atmel studio 7.0/7.0/toolchain/avr8/avr8-gnu-toolchain/bin/../lib/gcc/avr/4.9.2/../../../../avr/lib/avrxmega2\libm.a(divsf3.o) (__divsf3x)
d:/program files (x86)/atmel studio 7.0/7.0/toolchain/avr8/avr8-gnu-toolchain/bin/../lib/gcc/avr/4.9.2/../../../../avr/lib/avrxmega2\libm.a(fixsfsi.o)
                              src/usart_example2.o (__fixsfsi)
d:/program files (x86)/atmel studio 7.0/7.0/toolchain/avr8/avr8-gnu-toolchain/bin/../lib/gcc/avr/4.9.2/../../../../avr/lib/avrxmega2\libm.a(fixunssfsi.o)
                              d:/program files (x86)/atmel studio 7.0/7.0/toolchain/avr8/avr8-gnu-toolchain/bin/../lib/gcc/avr/4.9.2/../../../../avr/lib/avrxmega2\libm.a(fixsfsi.o) (__fixunssfsi)
d:/program files (x86)/atmel studio 7.0/7.0/toolchain/avr8/avr8-gnu-toolchain/bin/../lib/gcc/avr/4.9.2/../../../../avr/lib/avrxmega2\libm.a(floatsisf.o)
                              src/usart_example2.o (__floatsisf)
d:/program files (x86)/atmel studio 7.0/7.0/toolchain/avr8/avr8-gnu-toolchain/bin/../lib/gcc/avr/4.9.2/../../../../avr/lib/avrxmega2\libm.a(fp_inf.o)
                              d:/program files (x86)/atmel studio 7.0/7.0/toolchain/avr8/avr8-gnu-toolchain/bin/../lib/gcc/avr/4.9.2/../../../../avr/lib/avrxmega2\libm.a(divsf3x.o) (__fp_inf)
d:/program files (x86)/atmel studio 7.0/7.0/toolchain/avr8/avr8-gnu-toolchain/bin/../lib/gcc/avr/4.9.2/../../../../avr/lib/avrxmega2\libm.a(fp_nan.o)
                              d:/program files (x86)/atmel studio 7.0/7.0/toolchain/avr8/avr8-gnu-toolchain/bin/../lib/gcc/avr/4.9.2/../../../../avr/lib/avrxmega2\libm.a(divsf3x.o) (__fp_nan)
d:/program files (x86)/atmel studio 7.0/7.0/toolchain/avr8/avr8-gnu-toolchain/bin/../lib/gcc/avr/4.9.2/../../../../avr/lib/avrxmega2\libm.a(fp_pscA.o)
                              d:/program files (x86)/atmel studio 7.0/7.0/toolchain/avr8/avr8-gnu-toolchain/bin/../lib/gcc/avr/4.9.2/../../../../avr/lib/avrxmega2\libm.a(divsf3x.o) (__fp_pscA)
d:/program files (x86)/atmel studio 7.0/7.0/toolchain/avr8/avr8-gnu-toolchain/bin/../lib/gcc/avr/4.9.2/../../../../avr/lib/avrxmega2\libm.a(fp_pscB.o)
                              d:/program files (x86)/atmel studio 7.0/7.0/toolchain/avr8/avr8-gnu-toolchain/bin/../lib/gcc/avr/4.9.2/../../../../avr/lib/avrxmega2\libm.a(divsf3x.o) (__fp_pscB)
d:/program files (x86)/atmel studio 7.0/7.0/toolchain/avr8/avr8-gnu-toolchain/bin/../lib/gcc/avr/4.9.2/../../../../avr/lib/avrxmega2\libm.a(fp_round.o)
                              d:/program files (x86)/atmel studio 7.0/7.0/toolchain/avr8/avr8-gnu-toolchain/bin/../lib/gcc/avr/4.9.2/../../../../avr/lib/avrxmega2\libm.a(divsf3.o) (__fp_round)
d:/program files (x86)/atmel studio 7.0/7.0/toolchain/avr8/avr8-gnu-toolchain/bin/../lib/gcc/avr/4.9.2/../../../../avr/lib/avrxmega2\libm.a(fp_split3.o)
                              d:/program files (x86)/atmel studio 7.0/7.0/toolchain/avr8/avr8-gnu-toolchain/bin/../lib/gcc/avr/4.9.2/../../../../avr/lib/avrxmega2\libm.a(divsf3x.o) (__fp_split3)
d:/program files (x86)/atmel studio 7.0/7.0/toolchain/avr8/avr8-gnu-toolchain/bin/../lib/gcc/avr/4.9.2/../../../../avr/lib/avrxmega2\libm.a(fp_zero.o)
                              d:/program files (x86)/atmel studio 7.0/7.0/toolchain/avr8/avr8-gnu-toolchain/bin/../lib/gcc/avr/4.9.2/../../../../avr/lib/avrxmega2\libm.a(fixunssfsi.o) (__fp_zero)
d:/program files (x86)/atmel studio 7.0/7.0/toolchain/avr8/avr8-gnu-toolchain/bin/../lib/gcc/avr/4.9.2/../../../../avr/lib/avrxmega2\libm.a(mulsf3.o)
                              src/usart_example2.o (__mulsf3)
d:/program files (x86)/atmel studio 7.0/7.0/toolchain/avr8/avr8-gnu-toolchain/bin/../lib/gcc/avr/4.9.2/../../../../avr/lib/avrxmega2\libm.a(mulsf3x.o)
                              d:/program files (x86)/atmel studio 7.0/7.0/toolchain/avr8/avr8-gnu-toolchain/bin/../lib/gcc/avr/4.9.2/../../../../avr/lib/avrxmega2\libm.a(mulsf3.o) (__mulsf3x)
d:/program files (x86)/atmel studio 7.0/7.0/toolchain/avr8/avr8-gnu-toolchain/bin/../lib/gcc/avr/4.9.2/avrxmega2\libgcc.a(_udivmodsi4.o)
                              src/ASF/xmega/drivers/usart/usart.o (__udivmodsi4)
d:/program files (x86)/atmel studio 7.0/7.0/toolchain/avr8/avr8-gnu-toolchain/bin/../lib/gcc/avr/4.9.2/avrxmega2\libgcc.a(_divmodsi4.o)
                              src/usart_example2.o (__divmodsi4)
d:/program files (x86)/atmel studio 7.0/7.0/toolchain/avr8/avr8-gnu-toolchain/bin/../lib/gcc/avr/4.9.2/avrxmega2\libgcc.a(_negsi2.o)
[...]
Memory Configuration

Name             Origin             Length             Attributes
text             0x00000000         0x00100000         xr
data             0x00802000         0x0000ffa0         rw !x
eeprom           0x00810000         0x00010000         rw !x
fuse             0x00820000         0x00000007         rw !x
lock             0x00830000         0x00000400         rw !x
signature        0x00840000         0x00000400         rw !x
user_signatures  0x00850000         0x00000400         rw !x
*default*        0x00000000         0xffffffff

Linker script and memory map

LOAD D:/Program Files (x86)/Atmel Studio 7.0/7.0/Packs/atmel/XMEGAE_DFP/1.2.46/gcc/dev/atxmega32e5/avrxmega2/crtatxmega32e5.o
LOAD src/ASF/common/drivers/nvm/xmega/xmega_nvm.o
LOAD src/ASF/common/services/clock/xmega/sysclk.o
LOAD src/ASF/common/services/ioport/xmega/ioport_compat.o
LOAD src/ASF/common/services/serial/usart_serial.o
LOAD src/ASF/common/services/sleepmgr/xmega/sleepmgr.o
LOAD src/ASF/common/utils/stdio/read.o
LOAD src/ASF/common/utils/stdio/write.o
LOAD src/ASF/xmega/boards/xmega_e5_xplained/init.o
LOAD src/ASF/xmega/drivers/adc/adc.o
LOAD src/ASF/xmega/drivers/adc/xmega_e/adc_e.o
LOAD src/ASF/xmega/drivers/cpu/ccp.o
LOAD src/ASF/xmega/drivers/dac/dac.o
LOAD src/ASF/xmega/drivers/nvm/nvm.o
LOAD src/ASF/xmega/drivers/nvm/nvm_asm.o
LOAD src/ASF/xmega/drivers/usart/usart.o
LOAD src/ASF/xmega/drivers/usart/usart_xmegae.o
LOAD src/ASF/xmega/drivers/xcl/xcl.o
LOAD src/usart_example2.o
START GROUP
LOAD d:/program files (x86)/atmel studio 7.0/7.0/toolchain/avr8/avr8-gnu-toolchain/bin/../lib/gcc/avr/4.9.2/../../../../avr/lib/avrxmega2\libm.a
END GROUP
Address of section .BOOT set to 0x8000
START GROUP
LOAD d:/program files (x86)/atmel studio 7.0/7.0/toolchain/avr8/avr8-gnu-toolchain/bin/../lib/gcc/avr/4.9.2/avrxmega2\libgcc.a
LOAD d:/program files (x86)/atmel studio 7.0/7.0/toolchain/avr8/avr8-gnu-toolchain/bin/../lib/gcc/avr/4.9.2/../../../../avr/lib/avrxmega2\libm.a
LOAD d:/program files (x86)/atmel studio 7.0/7.0/toolchain/avr8/avr8-gnu-toolchain/bin/../lib/gcc/avr/4.9.2/../../../../avr/lib/avrxmega2\libc.a
LOAD D:/Program Files (x86)/Atmel Studio 7.0/7.0/Packs/atmel/XMEGAE_DFP/1.2.46/gcc/dev/atxmega32e5/avrxmega2\libatxmega32e5.a
END GROUP
                0x00100000                __TEXT_REGION_LENGTH__ = DEFINED (__TEXT_REGION_LENGTH__)?__TEXT_REGION_LENGTH__:0x100000
                0x0000ffa0                __DATA_REGION_LENGTH__ = DEFINED (__DATA_REGION_LENGTH__)?__DATA_REGION_LENGTH__:0xffa0
                0x00010000                __EEPROM_REGION_LENGTH__ = DEFINED (__EEPROM_REGION_LENGTH__)?__EEPROM_REGION_LENGTH__:0x10000
                [0x00000007]                __FUSE_REGION_LENGTH__ = DEFINED (__FUSE_REGION_LENGTH__)?__FUSE_REGION_LENGTH__:0x400
                0x00000400                __LOCK_REGION_LENGTH__ = DEFINED (__LOCK_REGION_LENGTH__)?__LOCK_REGION_LENGTH__:0x400
                0x00000400                __SIGNATURE_REGION_LENGTH__ = DEFINED (__SIGNATURE_REGION_LENGTH__)?__SIGNATURE_REGION_LENGTH__:0x400
                0x00000400                __USER_SIGNATURE_REGION_LENGTH__ = DEFINED (__USER_SIGNATURE_REGION_LENGTH__)?__USER_SIGNATURE_REGION_LENGTH__:0x400

.hash
 *(.hash)

.dynsym
 *(.dynsym)

.dynstr
 *(.dynstr)

.gnu.version
 *(.gnu.version)

.gnu.version_d
 *(.gnu.version_d)

.gnu.version_r
 *(.gnu.version_r)

.rel.init
 *(.rel.init)

.rela.init
 *(.rela.init)

.rel.text
 *(.rel.text)
 *(.rel.text.*)
 *(.rel.gnu.linkonce.t*)

.rela.text
 *(.rela.text)
 *(.rela.text.*)
 *(.rela.gnu.linkonce.t*)

.rel.fini
 *(.rel.fini)

.rela.fini
 *(.rela.fini)

.rel.rodata
 *(.rel.rodata)
 *(.rel.rodata.*)
 *(.rel.gnu.linkonce.r*)

.rela.rodata
 *(.rela.rodata)
 *(.rela.rodata.*)
 *(.rela.gnu.linkonce.r*)

.rel.data
 *(.rel.data)
 *(.rel.data.*)
 *(.rel.gnu.linkonce.d*)

.rela.data
 *(.rela.data)
 *(.rela.data.*)
 *(.rela.gnu.linkonce.d*)

.rel.ctors
 *(.rel.ctors)

.rela.ctors
 *(.rela.ctors)

.rel.dtors
 *(.rel.dtors)

.rela.dtors
 *(.rela.dtors)

.rel.got
 *(.rel.got)

.rela.got
 *(.rela.got)

.rel.bss
 *(.rel.bss)

.rela.bss
 *(.rela.bss)

.rel.plt
 *(.rel.plt)

.rela.plt
 *(.rela.plt)

.text           0x00000000     0x26d2
 *(.vectors)
 .vectors       0x00000000       0xac D:/Program Files (x86)/Atmel Studio 7.0/7.0/Packs/atmel/XMEGAE_DFP/1.2.46/gcc/dev/atxmega32e5/avrxmega2/crtatxmega32e5.o
                0x00000000                __vector_default
                0x00000000                __vectors
 *(.vectors)
 *(.progmem.gcc*)
                0x000000ac                . = ALIGN (0x2)
                0x000000ac                __trampolines_start = .
 *(.trampolines)
 .trampolines   0x000000ac        0x0 linker stubs
 *(.trampolines*)
                0x000000ac                __trampolines_end = .
 *libprintf_flt.a:*(.progmem.data)
 *libc.a:*(.progmem.data)
 *(.progmem*)
                0x000000ac                . = ALIGN (0x2)
 *(.jumptables)
 *(.jumptables*)
 *(.lowtext)
 *(.lowtext*)
                0x000000ac                __ctors_start = .
 *(.ctors)
                0x000000ac                __ctors_end = .
                0x000000ac                __dtors_start = .
 *(.dtors)
                0x000000ac                __dtors_end = .
 SORT(*)(.ctors)
 SORT(*)(.dtors)
 *(.init0)
 .init0         0x000000ac        0x0 D:/Program Files (x86)/Atmel Studio 7.0/7.0/Packs/atmel/XMEGAE_DFP/1.2.46/gcc/dev/atxmega32e5/avrxmega2/crtatxmega32e5.o
                0x000000ac                __init
 *(.init0)
 *(.init1)
 *(.init1)
 *(.init2)
 .init2         0x000000ac        0xc D:/Program Files (x86)/Atmel Studio 7.0/7.0/Packs/atmel/XMEGAE_DFP/1.2.46/gcc/dev/atxmega32e5/avrxmega2/crtatxmega32e5.o
 *(.init2)
 *(.init3)
 *(.init3)
 *(.init4)
 .init4         0x000000b8       0x16 d:/program files (x86)/atmel studio 7.0/7.0/toolchain/avr8/avr8-gnu-toolchain/bin/../lib/gcc/avr/4.9.2/avrxmega2\libgcc.a(_copy_data.o)
                0x000000b8                __do_copy_data
 .init4         0x000000ce       0x10 d:/program files (x86)/atmel studio 7.0/7.0/toolchain/avr8/avr8-gnu-toolchain/bin/../lib/gcc/avr/4.9.2/avrxmega2\libgcc.a(_clear_bss.o)
                0x000000ce                __do_clear_bss
 *(.init4)
 *(.init5)
 *(.init5)
 *(.init6)
 *(.init6)
 *(.init7)
 *(.init7)
 *(.init8)
 *(.init8)
 *(.init9)
 .init9         0x000000de        0x8 D:/Program Files (x86)/Atmel Studio 7.0/7.0/Packs/atmel/XMEGAE_DFP/1.2.46/gcc/dev/atxmega32e5/avrxmega2/crtatxmega32e5.o
 *(.init9)
 *(.text)
 .text          0x000000e6        0x2 D:/Program Files (x86)/Atmel Studio 7.0/7.0/Packs/atmel/XMEGAE_DFP/1.2.46/gcc/dev/atxmega32e5/avrxmega2/crtatxmega32e5.o
                0x000000e6                __vector_38
                0x000000e6                __vector_22
                0x000000e6                __vector_28
                0x000000e6                __vector_1
                0x000000e6                __vector_32
                0x000000e6                __vector_24
                0x000000e6                __vector_12
                0x000000e6                __bad_interrupt
                0x000000e6                __vector_6
                0x000000e6                __vector_31
                0x000000e6                __vector_35
                0x000000e6                __vector_39
                0x000000e6                __vector_3
                0x000000e6                __vector_23
                0x000000e6                __vector_30
                0x000000e6                __vector_25
                0x000000e6                __vector_11
                0x000000e6                __vector_13
                0x000000e6                __vector_17
                0x000000e6                __vector_19
                0x000000e6                __vector_7
                0x000000e6                __vector_41
                0x000000e6                __vector_27
                0x000000e6                __vector_5
                0x000000e6                __vector_33
                0x000000e6                __vector_37
                0x000000e6                __vector_4
                0x000000e6                __vector_9
                0x000000e6                __vector_2
                0x000000e6                __vector_21
                0x000000e6                __vector_15
                0x000000e6                __vector_36
                0x000000e6                __vector_29
                0x000000e6                __vector_8
                0x000000e6                __vector_26
                0x000000e6                __vector_14
                0x000000e6                __vector_10
                0x000000e6                __vector_16
                0x000000e6                __vector_18
                0x000000e6                __vector_20
                0x000000e6                __vector_42
                0x000000e8                . = ALIGN (0x2)
 *(.text.*)
 .text.nvm_init
                0x000000e8        0xc src/ASF/common/drivers/nvm/xmega/xmega_nvm.o
                0x000000e8                nvm_init
 .text.nvm_write_char
                0x000000f4       0x54 src/ASF/common/drivers/nvm/xmega/xmega_nvm.o
                0x000000f4                nvm_write_char
 .text.nvm_read
                0x00000148       0x44 src/ASF/common/drivers/nvm/xmega/xmega_nvm.o
                0x00000148                nvm_read
 .text.sysclk_init
                0x0000018c       0x6e src/ASF/common/services/clock/xmega/sysclk.o
                0x0000018c                sysclk_init
 .text.sysclk_enable_module
                0x000001fa       0x2c src/ASF/common/services/clock/xmega/sysclk.o
                0x000001fa                sysclk_enable_module
 .text.sysclk_disable_module
                0x00000226       0x2a src/ASF/common/services/clock/xmega/sysclk.o
                0x00000226                sysclk_disable_module
 .text.ioport_configure_port_pin
                0x00000250       0x50 src/ASF/common/services/ioport/xmega/ioport_compat.o
                0x00000250                ioport_configure_port_pin
 .text._read    0x000002a0       0x32 src/ASF/common/utils/stdio/read.o
                0x000002a0                _read
 .text._write   0x000002d2       0x24 src/ASF/common/utils/stdio/write.o
                0x000002d2                _write
 .text.board_init
                0x000002f6       0x62 src/ASF/xmega/boards/xmega_e5_xplained/init.o
                0x000002f6                board_init
 .text.adc_enable_clock
                0x00000358       0x1e src/ASF/xmega/drivers/adc/adc.o
                0x00000358                adc_enable_clock
 .text.adc_disable_clock
                0x00000376       0x1c src/ASF/xmega/drivers/adc/adc.o
                0x00000376                adc_disable_clock
 .text.adc_enable
                0x00000392       0x56 src/ASF/xmega/drivers/adc/adc.o
                0x00000392                adc_enable
 .text.adc_disable
                0x000003e8       0x4a src/ASF/xmega/drivers/adc/adc.o
                0x000003e8                adc_disable
 .text.__vector_34
                0x00000432       0x5c src/ASF/xmega/drivers/adc/xmega_e/adc_e.o
                0x00000432                __vector_34
 .text.adc_write_configuration
                0x0000048e       0xa4 src/ASF/xmega/drivers/adc/xmega_e/adc_e.o
                0x0000048e                adc_write_configuration
 .text.adc_read_configuration
                0x00000532       0x70 src/ASF/xmega/drivers/adc/xmega_e/adc_e.o
                0x00000532                adc_read_configuration
 .text.adcch_write_configuration
                0x000005a2       0x8c src/ASF/xmega/drivers/adc/xmega_e/adc_e.o
                0x000005a2                adcch_write_configuration
 .text.adcch_read_configuration
                0x0000062e       0x8c src/ASF/xmega/drivers/adc/xmega_e/adc_e.o
                0x0000062e                adcch_read_configuration
 .text.ccp_write_io
                0x000006ba        0xc src/ASF/xmega/drivers/cpu/ccp.o
                0x000006ba                ccp_write_io
 .text.dac_enable_clock
                0x000006c6       0x1e src/ASF/xmega/drivers/dac/dac.o
 .text.dac_disable_clock
                0x000006e4       0x1c src/ASF/xmega/drivers/dac/dac.o
 .text.dac_enable
                0x00000700       0x56 src/ASF/xmega/drivers/dac/dac.o
                0x00000700                dac_enable
 .text.dac_write_configuration
                0x00000756       0xb2 src/ASF/xmega/drivers/dac/dac.o
                0x00000756                dac_write_configuration
 .text.dac_read_configuration
                0x00000808       0x5e src/ASF/xmega/drivers/dac/dac.o
                0x00000808                dac_read_configuration
 .text.nvm_eeprom_read_buffer
                0x00000866       0x1a src/ASF/xmega/drivers/nvm/nvm.o
                0x00000866                nvm_eeprom_read_buffer
 .text.nvm_eeprom_flush_buffer
                0x00000880       0x22 src/ASF/xmega/drivers/nvm/nvm.o
                0x00000880                nvm_eeprom_flush_buffer
 .text.nvm_eeprom_load_byte_to_buffer
                0x000008a2       0x14 src/ASF/xmega/drivers/nvm/nvm.o
                0x000008a2                nvm_eeprom_load_byte_to_buffer
 .text.nvm_eeprom_write_byte
                0x000008b6       0x4a src/ASF/xmega/drivers/nvm/nvm.o
                0x000008b6                nvm_eeprom_write_byte
 .text.nvm_flash_read_buffer
                0x00000900       0x36 src/ASF/xmega/drivers/nvm/nvm.o
                0x00000900                nvm_flash_read_buffer
 .text.nvm_user_sig_read_buffer
                0x00000936       0x3c src/ASF/xmega/drivers/nvm/nvm.o
                0x00000936                nvm_user_sig_read_buffer
 .text.nvm_user_sig_write_buffer
                0x00000972      0x152 src/ASF/xmega/drivers/nvm/nvm.o
                0x00000972                nvm_user_sig_write_buffer
 .text.nvm_flash_erase_and_write_buffer
                0x00000ac4      0x174 src/ASF/xmega/drivers/nvm/nvm.o
                0x00000ac4                nvm_flash_erase_and_write_buffer
 .text.nvm_read_byte
                0x00000c38       0x14 src/ASF/xmega/drivers/nvm/nvm_asm.o
                0x00000c38                nvm_read_byte
 .text.usart_putchar
                0x00000c4c       0x10 src/ASF/xmega/drivers/usart/usart.o
                0x00000c4c                usart_putchar
 .text.usart_getchar
                0x00000c5c        0xc src/ASF/xmega/drivers/usart/usart.o
                0x00000c5c                usart_getchar
 .text.usart_set_baudrate
                0x00000c68      0x22c src/ASF/xmega/drivers/usart/usart.o
                0x00000c68                usart_set_baudrate
 .text.usart_init_rs232
                0x00000e94      0x144 src/ASF/xmega/drivers/usart/usart.o
                0x00000e94                usart_init_rs232
 .text.usart_xmegae_init_rs232
                0x00000fd8      0x282 src/ASF/xmega/drivers/usart/usart_xmegae.o
                0x00000fd8                usart_xmegae_init_rs232
 .text.usart_serial_getchar
                0x0000125a       0x10 src/usart_example2.o
 .text.usart_serial_putchar
                0x0000126a        0x4 src/usart_example2.o
 .text.main_dac_output
                0x0000126e       0x3a src/usart_example2.o
 .text.__vector_40
                0x000012a8       0x62 src/usart_example2.o
                0x000012a8                __vector_40
 .text.main     0x0000130a      0x782 src/usart_example2.o
                0x0000130a                main
 .text.avr-libc.fplib
                0x00001a8c        0x4 d:/program files (x86)/atmel studio 7.0/7.0/toolchain/avr8/avr8-gnu-toolchain/bin/../lib/gcc/avr/4.9.2/../../../../avr/lib/avrxmega2\libm.a(divsf3.o)
                0x00001a8c                __divsf3
 .text.avr-libc.fplib
                0x00001a90       0xcc d:/program files (x86)/atmel studio 7.0/7.0/toolchain/avr8/avr8-gnu-toolchain/bin/../lib/gcc/avr/4.9.2/../../../../avr/lib/avrxmega2\libm.a(divsf3x.o)
                0x00001aa6                __divsf3x
                0x00001aaa                __divsf3_pse
 .text.avr-libc.fplib
                0x00001b5c        0xa d:/program files (x86)/atmel studio 7.0/7.0/toolchain/avr8/avr8-gnu-toolchain/bin/../lib/gcc/avr/4.9.2/../../../../avr/lib/avrxmega2\libm.a(fixsfsi.o)
                0x00001b5c                __fixsfsi
 .text.avr-libc.fplib
                0x00001b66       0x58 d:/program files (x86)/atmel studio 7.0/7.0/toolchain/avr8/avr8-gnu-toolchain/bin/../lib/gcc/avr/4.9.2/../../../../avr/lib/avrxmega2\libm.a(fixunssfsi.o)
                0x00001b66                __fixunssfsi
 .text.avr-libc.fplib
                0x00001bbe       0x7a d:/program files (x86)/atmel studio 7.0/7.0/toolchain/avr8/avr8-gnu-toolchain/bin/../lib/gcc/avr/4.9.2/../../../../avr/lib/avrxmega2\libm.a(floatsisf.o)
                0x00001bbe                __floatunsisf
                0x00001bc2                __floatsisf
 .text.avr-libc.fplib
                0x00001c38        0xc d:/program files (x86)/atmel studio 7.0/7.0/toolchain/avr8/avr8-gnu-toolchain/bin/../lib/gcc/avr/4.9.2/../../../../avr/lib/avrxmega2\libm.a(fp_inf.o)
                0x00001c38                __fp_inf
 .text.avr-libc.fplib
                0x00001c44        0x6 d:/program files (x86)/atmel studio 7.0/7.0/toolchain/avr8/avr8-gnu-toolchain/bin/../lib/gcc/avr/4.9.2/../../../../avr/lib/avrxmega2\libm.a(fp_nan.o)
                0x00001c44                __fp_nan
 .text.avr-libc.fplib
                0x00001c4a        0xe d:/program files (x86)/atmel studio 7.0/7.0/toolchain/avr8/avr8-gnu-toolchain/bin/../lib/gcc/avr/4.9.2/../../../../avr/lib/avrxmega2\libm.a(fp_pscA.o)
                0x00001c4a                __fp_pscA
 .text.avr-libc.fplib
                0x00001c58        0xe d:/program files (x86)/atmel studio 7.0/7.0/toolchain/avr8/avr8-gnu-toolchain/bin/../lib/gcc/avr/4.9.2/../../../../avr/lib/avrxmega2\libm.a(fp_pscB.o)
                0x00001c58                __fp_pscB
 .text.avr-libc.fplib
                0x00001c66       0x22 d:/program files (x86)/atmel studio 7.0/7.0/toolchain/avr8/avr8-gnu-toolchain/bin/../lib/gcc/avr/4.9.2/../../../../avr/lib/avrxmega2\libm.a(fp_round.o)
                0x00001c66                __fp_round
 .text.avr-libc.fplib
                0x00001c88       0x44 d:/program files (x86)/atmel studio 7.0/7.0/toolchain/avr8/avr8-gnu-toolchain/bin/../lib/gcc/avr/4.9.2/../../../../avr/lib/avrxmega2\libm.a(fp_split3.o)
                0x00001c88                __fp_split3
                0x00001c98                __fp_splitA
 .text.avr-libc.fplib
                0x00001ccc        0xe d:/program files (x86)/atmel studio 7.0/7.0/toolchain/avr8/avr8-gnu-toolchain/bin/../lib/gcc/avr/4.9.2/../../../../avr/lib/avrxmega2\libm.a(fp_zero.o)
                0x00001ccc                __fp_zero
                0x00001cce                __fp_szero
 .text.avr-libc.fplib
                0x00001cda        0x4 d:/program files (x86)/atmel studio 7.0/7.0/toolchain/avr8/avr8-gnu-toolchain/bin/../lib/gcc/avr/4.9.2/../../../../avr/lib/avrxmega2\libm.a(mulsf3.o)
                0x00001cda                __mulsf3
 .text.avr-libc.fplib
                0x00001cde       0xc2 d:/program files (x86)/atmel studio 7.0/7.0/toolchain/avr8/avr8-gnu-toolchain/bin/../lib/gcc/avr/4.9.2/../../../../avr/lib/avrxmega2\libm.a(mulsf3x.o)
                0x00001cf2                __mulsf3x
                0x00001cf6                __mulsf3_pse
 .text.libgcc.div
                0x00001da0       0x44 d:/program files (x86)/atmel studio 7.0/7.0/toolchain/avr8/avr8-gnu-toolchain/bin/../lib/gcc/avr/4.9.2/avrxmega2\libgcc.a(_udivmodsi4.o)
                0x00001da0                __udivmodsi4
 .text.libgcc.div
                0x00001de4       0x28 d:/program files (x86)/atmel studio 7.0/7.0/toolchain/avr8/avr8-gnu-toolchain/bin/../lib/gcc/avr/4.9.2/avrxmega2\libgcc.a(_divmodsi4.o)
                0x00001de4                __divmodsi4
 .text.libgcc.div
                0x00001e0c       0x10 d:/program files (x86)/atmel studio 7.0/7.0/toolchain/avr8/avr8-gnu-toolchain/bin/../lib/gcc/avr/4.9.2/avrxmega2\libgcc.a(_negsi2.o)
                0x00001e0c                __negsi2
 .text.avr-libc
                0x00001e1c       0x12 d:/program files (x86)/atmel studio 7.0/7.0/toolchain/avr8/avr8-gnu-toolchain/bin/../lib/gcc/avr/4.9.2/../../../../avr/lib/avrxmega2\libc.a(memcpy.o)
                0x00001e1c                memcpy
 .text.avr-libc
                0x00001e2e       0x94 d:/program files (x86)/atmel studio 7.0/7.0/toolchain/avr8/avr8-gnu-toolchain/bin/../lib/gcc/avr/4.9.2/../../../../avr/lib/avrxmega2\libc.a(fdevopen.o)
                0x00001e2e                fdevopen
 .text.avr-libc
                0x00001ec2       0x26 d:/program files (x86)/atmel studio 7.0/7.0/toolchain/avr8/avr8-gnu-toolchain/bin/../lib/gcc/avr/4.9.2/../../../../avr/lib/avrxmega2\libc.a(printf.o)
                0x00001ec2                printf
 .text.avr-libc
                0x00001ee8        0xa d:/program files (x86)/atmel studio 7.0/7.0/toolchain/avr8/avr8-gnu-toolchain/bin/../lib/gcc/avr/4.9.2/../../../../avr/lib/avrxmega2\libc.a(putchar.o)
                0x00001ee8                putchar
 .text.avr-libc
                0x00001ef2      0x386 d:/program files (x86)/atmel studio 7.0/7.0/toolchain/avr8/avr8-gnu-toolchain/bin/../lib/gcc/avr/4.9.2/../../../../avr/lib/avrxmega2\libc.a(vfprintf_std.o)
                0x00001ef2                vfprintf
 .text.avr-libc
                0x00002278       0x34 d:/program files (x86)/atmel studio 7.0/7.0/toolchain/avr8/avr8-gnu-toolchain/bin/../lib/gcc/avr/4.9.2/../../../../avr/lib/avrxmega2\libc.a(calloc.o)
                0x00002278                calloc
 .text.avr-libc
                0x000022ac      0x25a d:/program files (x86)/atmel studio 7.0/7.0/toolchain/avr8/avr8-gnu-toolchain/bin/../lib/gcc/avr/4.9.2/../../../../avr/lib/avrxmega2\libc.a(malloc.o)
                0x000022ac                malloc
                0x000023d6                free
 .text.avr-libc
                0x00002506       0x16 d:/program files (x86)/atmel studio 7.0/7.0/toolchain/avr8/avr8-gnu-toolchain/bin/../lib/gcc/avr/4.9.2/../../../../avr/lib/avrxmega2\libc.a(strnlen_P.o)
                0x00002506                strnlen_P
 .text.avr-libc
                0x0000251c        0xe d:/program files (x86)/atmel studio 7.0/7.0/toolchain/avr8/avr8-gnu-toolchain/bin/../lib/gcc/avr/4.9.2/../../../../avr/lib/avrxmega2\libc.a(memset.o)
                0x0000251c                memset
 .text.avr-libc
                0x0000252a       0x16 d:/program files (x86)/atmel studio 7.0/7.0/toolchain/avr8/avr8-gnu-toolchain/bin/../lib/gcc/avr/4.9.2/../../../../avr/lib/avrxmega2\libc.a(strnlen.o)
                0x0000252a                strnlen
 .text.avr-libc
                0x00002540       0x70 d:/program files (x86)/atmel studio 7.0/7.0/toolchain/avr8/avr8-gnu-toolchain/bin/../lib/gcc/avr/4.9.2/../../../../avr/lib/avrxmega2\libc.a(fputc.o)
                0x00002540                fputc
 .text.avr-libc
                0x000025b0       0xbc d:/program files (x86)/atmel studio 7.0/7.0/toolchain/avr8/avr8-gnu-toolchain/bin/../lib/gcc/avr/4.9.2/../../../../avr/lib/avrxmega2\libc.a(ultoa_invert.o)
                0x000025b0                __ultoa_invert
 .text.libgcc.prologue
                0x0000266c       0x32 d:/program files (x86)/atmel studio 7.0/7.0/toolchain/avr8/avr8-gnu-toolchain/bin/../lib/gcc/avr/4.9.2/avrxmega2\libgcc.a(_prologue.o)
                0x0000266c                __prologue_saves__
 .text.libgcc.prologue
                0x0000269e       0x30 d:/program files (x86)/atmel studio 7.0/7.0/toolchain/avr8/avr8-gnu-toolchain/bin/../lib/gcc/avr/4.9.2/avrxmega2\libgcc.a(_epilogue.o)
                0x0000269e                __epilogue_restores__
                0x000026ce                . = ALIGN (0x2)
 *(.fini9)
 .fini9         0x000026ce        0x0 d:/program files (x86)/atmel studio 7.0/7.0/toolchain/avr8/avr8-gnu-toolchain/bin/../lib/gcc/avr/4.9.2/avrxmega2\libgcc.a(_exit.o)
                0x000026ce                _exit
                0x000026ce                exit
 *(.fini9)
 *(.fini8)
 *(.fini8)
 *(.fini7)
 *(.fini7)
 *(.fini6)
 *(.fini6)
 *(.fini5)
 *(.fini5)
 *(.fini4)
 *(.fini4)
 *(.fini3)
 *(.fini3)
 *(.fini2)
 *(.fini2)
 *(.fini1)
 *(.fini1)
 *(.fini0)
 .fini0         0x000026ce        0x4 d:/program files (x86)/atmel studio 7.0/7.0/toolchain/avr8/avr8-gnu-toolchain/bin/../lib/gcc/avr/4.9.2/avrxmega2\libgcc.a(_exit.o)
 *(.fini0)
                0x000026d2                _etext = .

.data           0x00802000       0x68 load address 0x000026d2
                0x00802000                PROVIDE (__data_start, .)
 *(.data)
 .data          0x00802000        0x6 d:/program files (x86)/atmel studio 7.0/7.0/toolchain/avr8/avr8-gnu-toolchain/bin/../lib/gcc/avr/4.9.2/../../../../avr/lib/avrxmega2\libc.a(malloc.o)
                0x00802000                __malloc_heap_end
                0x00802002                __malloc_heap_start
                0x00802004                __malloc_margin
 *(.data*)
 .data.USART_SERIAL_OPTIONS.6190
                0x00802006        0xd src/usart_example2.o
 *(.rodata)
 *(.rodata*)
 .rodata.str1.1
                0x00802013       0x55 src/usart_example2.o
 *(.gnu.linkonce.d*)
                0x00802068                . = ALIGN (0x2)
                0x00802068                _edata = .
                0x00802068                PROVIDE (__data_end, .)

.bss            0x00802068       0x27
                0x00802068                PROVIDE (__bss_start, .)
 *(.bss)
 *(.bss*)
 .bss.adca_enable_count
                0x00802068        0x1 src/ASF/xmega/drivers/adc/adc.o
 .bss.daca_enable_count
                0x00802069        0x1 src/ASF/xmega/drivers/dac/dac.o
 .bss.xcl_is_synchronous
                0x0080206a        0x1 src/ASF/xmega/drivers/xcl/xcl.o
                0x0080206a                xcl_is_synchronous
 .bss.captured_value.6159
                0x0080206b        0x2 src/usart_example2.o
 .bss.offset_correction.6157
                0x0080206d        0x2 src/usart_example2.o
 .bss.multi.6162
                0x0080206f        0x4 src/usart_example2.o
 .bss.y2.6161   0x00802073        0x2 src/usart_example2.o
 .bss.y1.6160   0x00802075        0x2 src/usart_example2.o
 *(COMMON)
 COMMON         0x00802077        0x6 src/ASF/common/services/sleepmgr/xmega/sleepmgr.o
                0x00802077                sleepmgr_locks
 COMMON         0x0080207d        0x2 src/ASF/common/utils/stdio/read.o
                0x0080207d                ptr_get
 COMMON         0x0080207f        0x4 src/ASF/common/utils/stdio/write.o
                0x0080207f                ptr_put
                0x00802081                stdio_base
 COMMON         0x00802083        0x2 src/ASF/xmega/drivers/adc/adc.o
                0x00802083                adca_callback
 COMMON         0x00802085        0x6 d:/program files (x86)/atmel studio 7.0/7.0/toolchain/avr8/avr8-gnu-toolchain/bin/../lib/gcc/avr/4.9.2/../../../../avr/lib/avrxmega2\libc.a(iob.o)
                0x00802085                __iob
 COMMON         0x0080208b        0x4 d:/program files (x86)/atmel studio 7.0/7.0/toolchain/avr8/avr8-gnu-toolchain/bin/../lib/gcc/avr/4.9.2/../../../../avr/lib/avrxmega2\libc.a(malloc.o)
                0x0080208b                __brkval
                0x0080208d                __flp
                0x0080208f                PROVIDE (__bss_end, .)
                0x000026d2                __data_load_start = LOADADDR (.data)
                0x0000273a                __data_load_end = (__data_load_start + SIZEOF (.data))

.noinit         0x0080208f        0x0
                [!provide]                PROVIDE (__noinit_start, .)
 *(.noinit*)
                [!provide]                PROVIDE (__noinit_end, .)
                0x0080208f                _end = .
                0x0080208f                PROVIDE (__heap_start, .)

.eeprom         0x00810000        0x0
 *(.eeprom*)
                0x00810000                __eeprom_end = .

.fuse
 *(.fuse)
 *(.lfuse)
 *(.hfuse)
 *(.efuse)

.lock
 *(.lock*)

.signature
 *(.signature*)

.user_signatures
 *(.user_signatures*)

.stab
 *(.stab)

.stabstr
 *(.stabstr)

.stab.excl
 *(.stab.excl)

.stab.exclstr
 *(.stab.exclstr)

.stab.index
 *(.stab.index)

.stab.indexstr
 *(.stab.indexstr)

.comment        0x00000000       0x5c
 *(.comment)
 .comment       0x00000000       0x30 src/ASF/common/drivers/nvm/xmega/xmega_nvm.o
                                 0x31 (size before relaxing)
 .comment       0x00000030       0x31 src/ASF/common/services/clock/xmega/sysclk.o
 .comment       0x00000030       0x31 src/ASF/common/services/ioport/xmega/ioport_compat.o
 .comment       0x00000030       0x31 src/ASF/common/services/sleepmgr/xmega/sleepmgr.o
 .comment       0x00000030       0x31 src/ASF/common/utils/stdio/read.o
 .comment       0x00000030       0x31 src/ASF/common/utils/stdio/write.o
 .comment       0x00000030       0x31 src/ASF/xmega/boards/xmega_e5_xplained/init.o
 .comment       0x00000030       0x31 src/ASF/xmega/drivers/adc/adc.o
 .comment       0x00000030       0x31 src/ASF/xmega/drivers/adc/xmega_e/adc_e.o
 .comment       0x00000030       0x31 src/ASF/xmega/drivers/dac/dac.o
 .comment       0x00000030       0x31 src/ASF/xmega/drivers/nvm/nvm.o
 .comment       0x00000030       0x31 src/ASF/xmega/drivers/usart/usart.o
 .comment       0x00000030       0x31 src/ASF/xmega/drivers/usart/usart_xmegae.o
 .comment       0x00000030       0x31 src/ASF/xmega/drivers/xcl/xcl.o
 .comment       0x00000030       0x31 src/usart_example2.o
 .comment       0x00000030       0x31 d:/program files (x86)/atmel studio 7.0/7.0/toolchain/avr8/avr8-gnu-toolchain/bin/../lib/gcc/avr/4.9.2/../../../../avr/lib/avrxmega2\libc.a(fdevopen.o)
 .comment       0x00000030       0x31 d:/program files (x86)/atmel studio 7.0/7.0/toolchain/avr8/avr8-gnu-toolchain/bin/../lib/gcc/avr/4.9.2/../../../../avr/lib/avrxmega2\libc.a(iob.o)
 .comment       0x00000030       0x31 d:/program files (x86)/atmel studio 7.0/7.0/toolchain/avr8/avr8-gnu-toolchain/bin/../lib/gcc/avr/4.9.2/../../../../avr/lib/avrxmega2\libc.a(printf.o)
 .comment       0x00000030       0x31 d:/program files (x86)/atmel studio 7.0/7.0/toolchain/avr8/avr8-gnu-toolchain/bin/../lib/gcc/avr/4.9.2/../../../../avr/lib/avrxmega2\libc.a(putchar.o)
 .comment       0x00000030       0x2c d:/program files (x86)/atmel studio 7.0/7.0/toolchain/avr8/avr8-gnu-toolchain/bin/../lib/gcc/avr/4.9.2/../../../../avr/lib/avrxmega2\libc.a(vfprintf_std.o)
                                 0x2d (size before relaxing)
 .comment       0x0000005c       0x31 d:/program files (x86)/atmel studio 7.0/7.0/toolchain/avr8/avr8-gnu-toolchain/bin/../lib/gcc/avr/4.9.2/../../../../avr/lib/avrxmega2\libc.a(calloc.o)
 .comment       0x0000005c       0x31 d:/program files (x86)/atmel studio 7.0/7.0/toolchain/avr8/avr8-gnu-toolchain/bin/../lib/gcc/avr/4.9.2/../../../../avr/lib/avrxmega2\libc.a(malloc.o)
 .comment       0x0000005c       0x31 d:/program files (x86)/atmel studio 7.0/7.0/toolchain/avr8/avr8-gnu-toolchain/bin/../lib/gcc/avr/4.9.2/../../../../avr/lib/avrxmega2\libc.a(fputc.o)

.note.gnu.avr.deviceinfo
                0x00000000       0x40
 .note.gnu.avr.deviceinfo
                0x00000000       0x40 D:/Program Files (x86)/Atmel Studio 7.0/7.0/Packs/atmel/XMEGAE_DFP/1.2.46/gcc/dev/atxmega32e5/avrxmega2/crtatxmega32e5.o

.note.gnu.build-id
 *(.note.gnu.build-id)

.debug
 *(.debug)

.line
 *(.line)

.debug_srcinfo
 *(.debug_srcinfo)

.debug_sfnames
 *(.debug_sfnames)

.debug_aranges  0x00000000      0x3f8
 *(.debug_aranges)
 .debug_aranges
                0x00000000       0x68 src/ASF/common/drivers/nvm/xmega/xmega_nvm.o
 .debug_aranges
                0x00000068       0x30 src/ASF/common/services/clock/xmega/sysclk.o
 .debug_aranges
                0x00000098       0x20 src/ASF/common/services/ioport/xmega/ioport_compat.o
 .debug_aranges
                0x000000b8       0x18 src/ASF/common/services/sleepmgr/xmega/sleepmgr.o
 .debug_aranges
                0x000000d0       0x20 src/ASF/common/utils/stdio/read.o
 .debug_aranges
                0x000000f0       0x20 src/ASF/common/utils/stdio/write.o
 .debug_aranges
                0x00000110       0x20 src/ASF/xmega/boards/xmega_e5_xplained/init.o
 .debug_aranges
                0x00000130       0x48 src/ASF/xmega/drivers/adc/adc.o
 .debug_aranges
                0x00000178       0x40 src/ASF/xmega/drivers/adc/xmega_e/adc_e.o
 .debug_aranges
                0x000001b8       0x20 src/ASF/xmega/drivers/cpu/ccp.o
 .debug_aranges
                0x000001d8       0x50 src/ASF/xmega/drivers/dac/dac.o
 .debug_aranges
                0x00000228       0xc0 src/ASF/xmega/drivers/nvm/nvm.o
 .debug_aranges
                0x000002e8       0x28 src/ASF/xmega/drivers/nvm/nvm_asm.o
 .debug_aranges
                0x00000310       0x58 src/ASF/xmega/drivers/usart/usart.o
 .debug_aranges
                0x00000368       0x30 src/ASF/xmega/drivers/usart/usart_xmegae.o
 .debug_aranges
                0x00000398       0x20 src/ASF/xmega/drivers/xcl/xcl.o
 .debug_aranges
                0x000003b8       0x40 src/usart_example2.o

.debug_pubnames
 *(.debug_pubnames)

.debug_info     0x00000000    0x1250a
 *(.debug_info .gnu.linkonce.wi.*)
 .debug_info    0x00000000     0x1bea D:/Program Files (x86)/Atmel Studio 7.0/7.0/Packs/atmel/XMEGAE_DFP/1.2.46/gcc/dev/atxmega32e5/avrxmega2/crtatxmega32e5.o
 .debug_info    0x00001bea      0xbd0 src/ASF/common/drivers/nvm/xmega/xmega_nvm.o
 .debug_info    0x000027ba      0x6a2 src/ASF/common/services/clock/xmega/sysclk.o
 .debug_info    0x00002e5c      0x11d src/ASF/common/services/ioport/xmega/ioport_compat.o
 .debug_info    0x00002f79      0x121 src/ASF/common/services/sleepmgr/xmega/sleepmgr.o
 .debug_info    0x0000309a      0x119 src/ASF/common/utils/stdio/read.o
 .debug_info    0x000031b3      0x119 src/ASF/common/utils/stdio/write.o
 .debug_info    0x000032cc      0x590 src/ASF/xmega/boards/xmega_e5_xplained/init.o
 .debug_info    0x0000385c      0xa2a src/ASF/xmega/drivers/adc/adc.o
 .debug_info    0x00004286      0xc0a src/ASF/xmega/drivers/adc/xmega_e/adc_e.o
 .debug_info    0x00004e90       0x98 src/ASF/xmega/drivers/cpu/ccp.o
 .debug_info    0x00004f28      0xbea src/ASF/xmega/drivers/dac/dac.o
 .debug_info    0x00005b12     0x1340 src/ASF/xmega/drivers/nvm/nvm.o
 .debug_info    0x00006e52       0x98 src/ASF/xmega/drivers/nvm/nvm_asm.o
 .debug_info    0x00006eea     0x2cfe src/ASF/xmega/drivers/usart/usart.o
 .debug_info    0x00009be8     0x33a0 src/ASF/xmega/drivers/usart/usart_xmegae.o
 .debug_info    0x0000cf88     0x1fed src/ASF/xmega/drivers/xcl/xcl.o
 .debug_info    0x0000ef75     0x3595 src/usart_example2.o

.debug_abbrev   0x00000000     0x3f47
 *(.debug_abbrev)
 .debug_abbrev  0x00000000     0x1a6e D:/Program Files (x86)/Atmel Studio 7.0/7.0/Packs/atmel/XMEGAE_DFP/1.2.46/gcc/dev/atxmega32e5/avrxmega2/crtatxmega32e5.o
 .debug_abbrev  0x00001a6e      0x30b src/ASF/common/drivers/nvm/xmega/xmega_nvm.o
 .debug_abbrev  0x00001d79      0x221 src/ASF/common/services/clock/xmega/sysclk.o
 .debug_abbrev  0x00001f9a       0x93 src/ASF/common/services/ioport/xmega/ioport_compat.o
 .debug_abbrev  0x0000202d       0x80 src/ASF/common/services/sleepmgr/xmega/sleepmgr.o
 .debug_abbrev  0x000020ad       0xc5 src/ASF/common/utils/stdio/read.o
 .debug_abbrev  0x00002172       0xa7 src/ASF/common/utils/stdio/write.o
 .debug_abbrev  0x00002219      0x160 src/ASF/xmega/boards/xmega_e5_xplained/init.o
 .debug_abbrev  0x00002379      0x2de src/ASF/xmega/drivers/adc/adc.o
 .debug_abbrev  0x00002657      0x304 src/ASF/xmega/drivers/adc/xmega_e/adc_e.o
 .debug_abbrev  0x0000295b       0x14 src/ASF/xmega/drivers/cpu/ccp.o
 .debug_abbrev  0x0000296f      0x302 src/ASF/xmega/drivers/dac/dac.o
 .debug_abbrev  0x00002c71      0x3e5 src/ASF/xmega/drivers/nvm/nvm.o
 .debug_abbrev  0x00003056       0x12 src/ASF/xmega/drivers/nvm/nvm_asm.o
 .debug_abbrev  0x00003068      0x406 src/ASF/xmega/drivers/usart/usart.o
 .debug_abbrev  0x0000346e      0x396 src/ASF/xmega/drivers/usart/usart_xmegae.o
 .debug_abbrev  0x00003804      0x241 src/ASF/xmega/drivers/xcl/xcl.o
 .debug_abbrev  0x00003a45      0x502 src/usart_example2.o

.debug_line     0x00000000     0x7932
 *(.debug_line .debug_line.* .debug_line_end)
 .debug_line    0x00000000      0x199 D:/Program Files (x86)/Atmel Studio 7.0/7.0/Packs/atmel/XMEGAE_DFP/1.2.46/gcc/dev/atxmega32e5/avrxmega2/crtatxmega32e5.o
 .debug_line    0x00000199      0x7e1 src/ASF/common/drivers/nvm/xmega/xmega_nvm.o
 .debug_line    0x0000097a      0x5ee src/ASF/common/services/clock/xmega/sysclk.o
 .debug_line    0x00000f68      0x4c1 src/ASF/common/services/ioport/xmega/ioport_compat.o
 .debug_line    0x00001429      0x464 src/ASF/common/services/sleepmgr/xmega/sleepmgr.o
 .debug_line    0x0000188d      0x3e1 src/ASF/common/utils/stdio/read.o
 .debug_line    0x00001c6e      0x3e8 src/ASF/common/utils/stdio/write.o
 .debug_line    0x00002056      0x4e8 src/ASF/xmega/boards/xmega_e5_xplained/init.o
 .debug_line    0x0000253e      0x792 src/ASF/xmega/drivers/adc/adc.o
 .debug_line    0x00002cd0      0x85c src/ASF/xmega/drivers/adc/xmega_e/adc_e.o
 .debug_line    0x0000352c       0x6e src/ASF/xmega/drivers/cpu/ccp.o
 .debug_line    0x0000359a      0x832 src/ASF/xmega/drivers/dac/dac.o
 .debug_line    0x00003dcc      0xb13 src/ASF/xmega/drivers/nvm/nvm.o
 .debug_line    0x000048df      0x11f src/ASF/xmega/drivers/nvm/nvm_asm.o
 .debug_line    0x000049fe      0xb13 src/ASF/xmega/drivers/usart/usart.o
 .debug_line    0x00005511      0xc99 src/ASF/xmega/drivers/usart/usart_xmegae.o
 .debug_line    0x000061aa      0x6d2 src/ASF/xmega/drivers/xcl/xcl.o
 .debug_line    0x0000687c     0x10b6 src/usart_example2.o

.debug_frame    0x00000000      0xbd0
 *(.debug_frame)
 .debug_frame   0x00000000      0x11c src/ASF/common/drivers/nvm/xmega/xmega_nvm.o
 .debug_frame   0x0000011c       0x74 src/ASF/common/services/clock/xmega/sysclk.o
 .debug_frame   0x00000190       0x30 src/ASF/common/services/ioport/xmega/ioport_compat.o
 .debug_frame   0x000001c0       0x34 src/ASF/common/utils/stdio/read.o
 .debug_frame   0x000001f4       0x24 src/ASF/common/utils/stdio/write.o
 .debug_frame   0x00000218       0x24 src/ASF/xmega/boards/xmega_e5_xplained/init.o
 .debug_frame   0x0000023c       0xbc src/ASF/xmega/drivers/adc/adc.o
 .debug_frame   0x000002f8      0x160 src/ASF/xmega/drivers/adc/xmega_e/adc_e.o
 .debug_frame   0x00000458      0x128 src/ASF/xmega/drivers/dac/dac.o
 .debug_frame   0x00000580      0x334 src/ASF/xmega/drivers/nvm/nvm.o
 .debug_frame   0x000008b4      0x160 src/ASF/xmega/drivers/usart/usart.o
 .debug_frame   0x00000a14       0xbc src/ASF/xmega/drivers/usart/usart_xmegae.o
 .debug_frame   0x00000ad0       0x24 src/ASF/xmega/drivers/xcl/xcl.o
 .debug_frame   0x00000af4       0xdc src/usart_example2.o

.debug_str      0x00000000    0x2f3d5
 *(.debug_str)
 .debug_str     0x00000000     0x1277 D:/Program Files (x86)/Atmel Studio 7.0/7.0/Packs/atmel/XMEGAE_DFP/1.2.46/gcc/dev/atxmega32e5/avrxmega2/crtatxmega32e5.o
 .debug_str     0x00001277    0x27149 src/ASF/common/drivers/nvm/xmega/xmega_nvm.o
                              0x27652 (size before relaxing)
 .debug_str     0x000283c0     0x1f98 src/ASF/common/services/clock/xmega/sysclk.o
                              0x28d28 (size before relaxing)
 .debug_str     0x0002a358      0x691 src/ASF/common/services/ioport/xmega/ioport_compat.o
                              0x27215 (size before relaxing)
 .debug_str     0x0002a9e9      0x3d4 src/ASF/common/services/sleepmgr/xmega/sleepmgr.o
                              0x26f50 (size before relaxing)
 .debug_str     0x0002adbd       0x38 src/ASF/common/utils/stdio/read.o
                              0x26bab (size before relaxing)
 .debug_str     0x0002adf5       0x2e src/ASF/common/utils/stdio/write.o
                              0x26bad (size before relaxing)
 .debug_str     0x0002ae23      0x1b3 src/ASF/xmega/boards/xmega_e5_xplained/init.o
                              0x286cc (size before relaxing)
 .debug_str     0x0002afd6      0xb43 src/ASF/xmega/drivers/adc/adc.o
                              0x299f3 (size before relaxing)
 .debug_str     0x0002bb19      0x208 src/ASF/xmega/drivers/adc/xmega_e/adc_e.o
                              0x29b17 (size before relaxing)
 .debug_str     0x0002bd21      0x494 src/ASF/xmega/drivers/dac/dac.o
                              0x297ab (size before relaxing)
 .debug_str     0x0002c1b5      0x4ef src/ASF/xmega/drivers/nvm/nvm.o
                              0x27731 (size before relaxing)
 .debug_str     0x0002c6a4      0xa88 src/ASF/xmega/drivers/usart/usart.o
                              0x2a275 (size before relaxing)
 .debug_str     0x0002d12c      0x429 src/ASF/xmega/drivers/usart/usart_xmegae.o
                              0x2a946 (size before relaxing)
 .debug_str     0x0002d555      0x511 src/ASF/xmega/drivers/xcl/xcl.o
                              0x29c1a (size before relaxing)
 .debug_str     0x0002da66     0x196f src/usart_example2.o
                              0x2c420 (size before relaxing)

.debug_loc      0x00000000     0x4d8f
 *(.debug_loc)
 .debug_loc     0x00000000      0xc76 src/ASF/common/drivers/nvm/xmega/xmega_nvm.o
 .debug_loc     0x00000c76      0x248 src/ASF/common/services/clock/xmega/sysclk.o
 .debug_loc     0x00000ebe       0x66 src/ASF/common/services/ioport/xmega/ioport_compat.o
 .debug_loc     0x00000f24       0x6e src/ASF/common/utils/stdio/read.o
 .debug_loc     0x00000f92       0x52 src/ASF/common/utils/stdio/write.o
 .debug_loc     0x00000fe4      0x246 src/ASF/xmega/drivers/adc/adc.o
 .debug_loc     0x0000122a      0x5e2 src/ASF/xmega/drivers/adc/xmega_e/adc_e.o
 .debug_loc     0x0000180c      0x4c9 src/ASF/xmega/drivers/dac/dac.o
 .debug_loc     0x00001cd5     0x11bb src/ASF/xmega/drivers/nvm/nvm.o
 .debug_loc     0x00002e90      0xe9d src/ASF/xmega/drivers/usart/usart.o
 .debug_loc     0x00003d2d      0xad0 src/ASF/xmega/drivers/usart/usart_xmegae.o
 .debug_loc     0x000047fd      0x17c src/ASF/xmega/drivers/xcl/xcl.o
 .debug_loc     0x00004979      0x416 src/usart_example2.o

.debug_macinfo
 *(.debug_macinfo)

.debug_weaknames
 *(.debug_weaknames)

.debug_funcnames
 *(.debug_funcnames)

.debug_typenames
 *(.debug_typenames)

.debug_varnames
 *(.debug_varnames)

.debug_pubtypes
 *(.debug_pubtypes)

.debug_ranges   0x00000000      0x3c0
 *(.debug_ranges)
 .debug_ranges  0x00000000       0x58 src/ASF/common/drivers/nvm/xmega/xmega_nvm.o
 .debug_ranges  0x00000058       0x20 src/ASF/common/services/clock/xmega/sysclk.o
 .debug_ranges  0x00000078       0x10 src/ASF/common/services/ioport/xmega/ioport_compat.o
 .debug_ranges  0x00000088       0x10 src/ASF/common/utils/stdio/read.o
 .debug_ranges  0x00000098       0x10 src/ASF/common/utils/stdio/write.o
 .debug_ranges  0x000000a8       0x10 src/ASF/xmega/boards/xmega_e5_xplained/init.o
 .debug_ranges  0x000000b8       0x38 src/ASF/xmega/drivers/adc/adc.o
 .debug_ranges  0x000000f0       0x30 src/ASF/xmega/drivers/adc/xmega_e/adc_e.o
 .debug_ranges  0x00000120       0x40 src/ASF/xmega/drivers/dac/dac.o
 .debug_ranges  0x00000160       0xc8 src/ASF/xmega/drivers/nvm/nvm.o
 .debug_ranges  0x00000228       0x20 src/ASF/xmega/drivers/nvm/nvm_asm.o
 .debug_ranges  0x00000248       0x80 src/ASF/xmega/drivers/usart/usart.o
 .debug_ranges  0x000002c8       0x58 src/ASF/xmega/drivers/usart/usart_xmegae.o
 .debug_ranges  0x00000320       0x10 src/ASF/xmega/drivers/xcl/xcl.o
 .debug_ranges  0x00000330       0x90 src/usart_example2.o

.debug_macro    0x00000000     0xbda9
 *(.debug_macro)
 .debug_macro   0x00000000      0x1ad src/ASF/common/drivers/nvm/xmega/xmega_nvm.o
 .debug_macro   0x000001ad      0xa5a src/ASF/common/drivers/nvm/xmega/xmega_nvm.o
 .debug_macro   0x00000c07       0x10 src/ASF/common/drivers/nvm/xmega/xmega_nvm.o
 .debug_macro   0x00000c17      0x1c9 src/ASF/common/drivers/nvm/xmega/xmega_nvm.o
 .debug_macro   0x00000de0      0x2fc src/ASF/common/drivers/nvm/xmega/xmega_nvm.o
 .debug_macro   0x000010dc       0x9e src/ASF/common/drivers/nvm/xmega/xmega_nvm.o
 .debug_macro   0x0000117a     0x6488 src/ASF/common/drivers/nvm/xmega/xmega_nvm.o
 .debug_macro   0x00007602       0x9a src/ASF/common/drivers/nvm/xmega/xmega_nvm.o
 .debug_macro   0x0000769c       0xf1 src/ASF/common/drivers/nvm/xmega/xmega_nvm.o
 .debug_macro   0x0000778d       0x34 src/ASF/common/drivers/nvm/xmega/xmega_nvm.o
 .debug_macro   0x000077c1       0x10 src/ASF/common/drivers/nvm/xmega/xmega_nvm.o
 .debug_macro   0x000077d1       0x18 src/ASF/common/drivers/nvm/xmega/xmega_nvm.o
 .debug_macro   0x000077e9       0x5e src/ASF/common/drivers/nvm/xmega/xmega_nvm.o
 .debug_macro   0x00007847       0x10 src/ASF/common/drivers/nvm/xmega/xmega_nvm.o
 .debug_macro   0x00007857       0x22 src/ASF/common/drivers/nvm/xmega/xmega_nvm.o
 .debug_macro   0x00007879      0x166 src/ASF/common/drivers/nvm/xmega/xmega_nvm.o
 .debug_macro   0x000079df       0x1c src/ASF/common/drivers/nvm/xmega/xmega_nvm.o
 .debug_macro   0x000079fb       0x35 src/ASF/common/drivers/nvm/xmega/xmega_nvm.o
 .debug_macro   0x00007a30       0x66 src/ASF/common/drivers/nvm/xmega/xmega_nvm.o
 .debug_macro   0x00007a96      0x652 src/ASF/common/drivers/nvm/xmega/xmega_nvm.o
 .debug_macro   0x000080e8       0x97 src/ASF/common/drivers/nvm/xmega/xmega_nvm.o
 .debug_macro   0x0000817f       0x17 src/ASF/common/drivers/nvm/xmega/xmega_nvm.o
 .debug_macro   0x00008196      0x250 src/ASF/common/drivers/nvm/xmega/xmega_nvm.o
 .debug_macro   0x000083e6       0x76 src/ASF/common/drivers/nvm/xmega/xmega_nvm.o
 .debug_macro   0x0000845c       0x16 src/ASF/common/drivers/nvm/xmega/xmega_nvm.o
 .debug_macro   0x00008472      0x6e3 src/ASF/common/drivers/nvm/xmega/xmega_nvm.o
 .debug_macro   0x00008b55       0x10 src/ASF/common/drivers/nvm/xmega/xmega_nvm.o
 .debug_macro   0x00008b65      0x175 src/ASF/common/drivers/nvm/xmega/xmega_nvm.o
 .debug_macro   0x00008cda       0x40 src/ASF/common/drivers/nvm/xmega/xmega_nvm.o
 .debug_macro   0x00008d1a       0x69 src/ASF/common/drivers/nvm/xmega/xmega_nvm.o
 .debug_macro   0x00008d83       0x32 src/ASF/common/drivers/nvm/xmega/xmega_nvm.o
 .debug_macro   0x00008db5       0xe4 src/ASF/common/drivers/nvm/xmega/xmega_nvm.o
 .debug_macro   0x00008e99       0x10 src/ASF/common/drivers/nvm/xmega/xmega_nvm.o
 .debug_macro   0x00008ea9       0x20 src/ASF/common/drivers/nvm/xmega/xmega_nvm.o
 .debug_macro   0x00008ec9      0x1d2 src/ASF/common/services/clock/xmega/sysclk.o
 .debug_macro   0x0000909b       0x22 src/ASF/common/services/clock/xmega/sysclk.o
 .debug_macro   0x000090bd      0x2bf src/ASF/common/services/clock/xmega/sysclk.o
 .debug_macro   0x0000937c      0x1e5 src/ASF/common/services/clock/xmega/sysclk.o
 .debug_macro   0x00009561       0x6e src/ASF/common/services/clock/xmega/sysclk.o
 .debug_macro   0x000095cf       0x2f src/ASF/common/services/clock/xmega/sysclk.o
 .debug_macro   0x000095fe      0x169 src/ASF/common/services/clock/xmega/sysclk.o
 .debug_macro   0x00009767      0x193 src/ASF/common/services/ioport/xmega/ioport_compat.o
 .debug_macro   0x000098fa       0x7c src/ASF/common/services/ioport/xmega/ioport_compat.o
 .debug_macro   0x00009976      0x10f src/ASF/common/services/ioport/xmega/ioport_compat.o
 .debug_macro   0x00009a85      0x1a3 src/ASF/common/services/sleepmgr/xmega/sleepmgr.o
 .debug_macro   0x00009c28       0x10 src/ASF/common/services/sleepmgr/xmega/sleepmgr.o
 .debug_macro   0x00009c38       0x42 src/ASF/common/services/sleepmgr/xmega/sleepmgr.o
 .debug_macro   0x00009c7a      0x16d src/ASF/common/utils/stdio/read.o
 .debug_macro   0x00009de7      0x16d src/ASF/common/utils/stdio/write.o
 .debug_macro   0x00009f54      0x1b5 src/ASF/xmega/boards/xmega_e5_xplained/init.o
 .debug_macro   0x0000a109      0x2b9 src/ASF/xmega/boards/xmega_e5_xplained/init.o
 .debug_macro   0x0000a3c2      0x22f src/ASF/xmega/drivers/adc/adc.o
 .debug_macro   0x0000a5f1       0x10 src/ASF/xmega/drivers/adc/adc.o
 .debug_macro   0x0000a601       0xe2 src/ASF/xmega/drivers/adc/adc.o
 .debug_macro   0x0000a6e3      0x22f src/ASF/xmega/drivers/adc/xmega_e/adc_e.o
 .debug_macro   0x0000a912      0x226 src/ASF/xmega/drivers/dac/dac.o
 .debug_macro   0x0000ab38       0x50 src/ASF/xmega/drivers/dac/dac.o
 .debug_macro   0x0000ab88      0x198 src/ASF/xmega/drivers/nvm/nvm.o
 .debug_macro   0x0000ad20       0x26 src/ASF/xmega/drivers/nvm/nvm.o
 .debug_macro   0x0000ad46       0x16 src/ASF/xmega/drivers/nvm/nvm.o
 .debug_macro   0x0000ad5c      0x221 src/ASF/xmega/drivers/usart/usart.o
 .debug_macro   0x0000af7d      0x302 src/ASF/xmega/drivers/usart/usart.o
 .debug_macro   0x0000b27f      0x289 src/ASF/xmega/drivers/usart/usart_xmegae.o
 .debug_macro   0x0000b508       0x3a src/ASF/xmega/drivers/usart/usart_xmegae.o
 .debug_macro   0x0000b542      0x234 src/ASF/xmega/drivers/xcl/xcl.o
 .debug_macro   0x0000b776      0x380 src/usart_example2.o
 .debug_macro   0x0000baf6       0x28 src/usart_example2.o
 .debug_macro   0x0000bb1e       0x34 src/usart_example2.o
 .debug_macro   0x0000bb52       0x56 src/usart_example2.o
 .debug_macro   0x0000bba8       0x28 src/usart_example2.o
 .debug_macro   0x0000bbd0       0x23 src/usart_example2.o
 .debug_macro   0x0000bbf3       0x40 src/usart_example2.o
 .debug_macro   0x0000bc33       0x58 src/usart_example2.o
 .debug_macro   0x0000bc8b       0x10 src/usart_example2.o
 .debug_macro   0x0000bc9b       0xf2 src/usart_example2.o
 .debug_macro   0x0000bd8d       0x1c src/usart_example2.o
OUTPUT(USART_EXAMPLE21.elf elf32-avr)
LOAD linker stubs

.BOOT           0x00008000       0x44
 .BOOT          0x00008000       0x44 src/ASF/xmega/drivers/nvm/nvm_asm.o
                0x00008000                nvm_common_spm
                0x0000801e                nvm_flash_load_word_to_buffer
